Archive member included to satisfy reference by file (symbol)

c:/st/stm32cubeide_1.1.0/stm32cubeide/plugins/com.st.stm32cube.ide.mcu.externaltools.gnu-tools-for-stm32.7-2018-q2-update.win32_1.0.0.201904181610/tools/bin/../lib/gcc/arm-none-eabi/7.3.1/../../../../arm-none-eabi/lib/thumb/v7e-m/fpv4-sp/hard\libc_nano.a(lib_a-errno.o)
                              Application/User/syscalls.o (__errno)
c:/st/stm32cubeide_1.1.0/stm32cubeide/plugins/com.st.stm32cube.ide.mcu.externaltools.gnu-tools-for-stm32.7-2018-q2-update.win32_1.0.0.201904181610/tools/bin/../lib/gcc/arm-none-eabi/7.3.1/../../../../arm-none-eabi/lib/thumb/v7e-m/fpv4-sp/hard\libc_nano.a(lib_a-exit.o)
                              c:/st/stm32cubeide_1.1.0/stm32cubeide/plugins/com.st.stm32cube.ide.mcu.externaltools.gnu-tools-for-stm32.7-2018-q2-update.win32_1.0.0.201904181610/tools/bin/../lib/gcc/arm-none-eabi/7.3.1/../../../../arm-none-eabi/lib/thumb/v7e-m/fpv4-sp/hard/crt0.o (exit)
c:/st/stm32cubeide_1.1.0/stm32cubeide/plugins/com.st.stm32cube.ide.mcu.externaltools.gnu-tools-for-stm32.7-2018-q2-update.win32_1.0.0.201904181610/tools/bin/../lib/gcc/arm-none-eabi/7.3.1/../../../../arm-none-eabi/lib/thumb/v7e-m/fpv4-sp/hard\libc_nano.a(lib_a-impure.o)
                              c:/st/stm32cubeide_1.1.0/stm32cubeide/plugins/com.st.stm32cube.ide.mcu.externaltools.gnu-tools-for-stm32.7-2018-q2-update.win32_1.0.0.201904181610/tools/bin/../lib/gcc/arm-none-eabi/7.3.1/../../../../arm-none-eabi/lib/thumb/v7e-m/fpv4-sp/hard\libc_nano.a(lib_a-exit.o) (_global_impure_ptr)
c:/st/stm32cubeide_1.1.0/stm32cubeide/plugins/com.st.stm32cube.ide.mcu.externaltools.gnu-tools-for-stm32.7-2018-q2-update.win32_1.0.0.201904181610/tools/bin/../lib/gcc/arm-none-eabi/7.3.1/../../../../arm-none-eabi/lib/thumb/v7e-m/fpv4-sp/hard\libc_nano.a(lib_a-init.o)
                              c:/st/stm32cubeide_1.1.0/stm32cubeide/plugins/com.st.stm32cube.ide.mcu.externaltools.gnu-tools-for-stm32.7-2018-q2-update.win32_1.0.0.201904181610/tools/bin/../lib/gcc/arm-none-eabi/7.3.1/../../../../arm-none-eabi/lib/thumb/v7e-m/fpv4-sp/hard/crt0.o (__libc_init_array)
c:/st/stm32cubeide_1.1.0/stm32cubeide/plugins/com.st.stm32cube.ide.mcu.externaltools.gnu-tools-for-stm32.7-2018-q2-update.win32_1.0.0.201904181610/tools/bin/../lib/gcc/arm-none-eabi/7.3.1/../../../../arm-none-eabi/lib/thumb/v7e-m/fpv4-sp/hard\libc_nano.a(lib_a-malloc.o)
                              Drivers/BSP/Adafruit_Shield/stm32_adafruit_sd.o (malloc)
c:/st/stm32cubeide_1.1.0/stm32cubeide/plugins/com.st.stm32cube.ide.mcu.externaltools.gnu-tools-for-stm32.7-2018-q2-update.win32_1.0.0.201904181610/tools/bin/../lib/gcc/arm-none-eabi/7.3.1/../../../../arm-none-eabi/lib/thumb/v7e-m/fpv4-sp/hard\libc_nano.a(lib_a-memset.o)
                              c:/st/stm32cubeide_1.1.0/stm32cubeide/plugins/com.st.stm32cube.ide.mcu.externaltools.gnu-tools-for-stm32.7-2018-q2-update.win32_1.0.0.201904181610/tools/bin/../lib/gcc/arm-none-eabi/7.3.1/../../../../arm-none-eabi/lib/thumb/v7e-m/fpv4-sp/hard/crt0.o (memset)
c:/st/stm32cubeide_1.1.0/stm32cubeide/plugins/com.st.stm32cube.ide.mcu.externaltools.gnu-tools-for-stm32.7-2018-q2-update.win32_1.0.0.201904181610/tools/bin/../lib/gcc/arm-none-eabi/7.3.1/../../../../arm-none-eabi/lib/thumb/v7e-m/fpv4-sp/hard\libc_nano.a(lib_a-nano-freer.o)
                              c:/st/stm32cubeide_1.1.0/stm32cubeide/plugins/com.st.stm32cube.ide.mcu.externaltools.gnu-tools-for-stm32.7-2018-q2-update.win32_1.0.0.201904181610/tools/bin/../lib/gcc/arm-none-eabi/7.3.1/../../../../arm-none-eabi/lib/thumb/v7e-m/fpv4-sp/hard\libc_nano.a(lib_a-malloc.o) (_free_r)
c:/st/stm32cubeide_1.1.0/stm32cubeide/plugins/com.st.stm32cube.ide.mcu.externaltools.gnu-tools-for-stm32.7-2018-q2-update.win32_1.0.0.201904181610/tools/bin/../lib/gcc/arm-none-eabi/7.3.1/../../../../arm-none-eabi/lib/thumb/v7e-m/fpv4-sp/hard\libc_nano.a(lib_a-nano-mallocr.o)
                              c:/st/stm32cubeide_1.1.0/stm32cubeide/plugins/com.st.stm32cube.ide.mcu.externaltools.gnu-tools-for-stm32.7-2018-q2-update.win32_1.0.0.201904181610/tools/bin/../lib/gcc/arm-none-eabi/7.3.1/../../../../arm-none-eabi/lib/thumb/v7e-m/fpv4-sp/hard\libc_nano.a(lib_a-malloc.o) (_malloc_r)
c:/st/stm32cubeide_1.1.0/stm32cubeide/plugins/com.st.stm32cube.ide.mcu.externaltools.gnu-tools-for-stm32.7-2018-q2-update.win32_1.0.0.201904181610/tools/bin/../lib/gcc/arm-none-eabi/7.3.1/../../../../arm-none-eabi/lib/thumb/v7e-m/fpv4-sp/hard\libc_nano.a(lib_a-sbrkr.o)
                              c:/st/stm32cubeide_1.1.0/stm32cubeide/plugins/com.st.stm32cube.ide.mcu.externaltools.gnu-tools-for-stm32.7-2018-q2-update.win32_1.0.0.201904181610/tools/bin/../lib/gcc/arm-none-eabi/7.3.1/../../../../arm-none-eabi/lib/thumb/v7e-m/fpv4-sp/hard\libc_nano.a(lib_a-nano-mallocr.o) (_sbrk_r)
[...]
Memory Configuration

Name             Origin             Length             Attributes
FLASH            0x0000000008000000 0x0000000000080000 xr
RAM1             0x0000000020000004 0x000000000002fffc xrw
RAM_SHARED       0x0000000020030000 0x0000000000002800 xrw
*default*        0x0000000000000000 0xffffffffffffffff

Linker script and memory map

LOAD c:/st/stm32cubeide_1.1.0/stm32cubeide/plugins/com.st.stm32cube.ide.mcu.externaltools.gnu-tools-for-stm32.7-2018-q2-update.win32_1.0.0.201904181610/tools/bin/../lib/gcc/arm-none-eabi/7.3.1/thumb/v7e-m/fpv4-sp/hard/crti.o
LOAD c:/st/stm32cubeide_1.1.0/stm32cubeide/plugins/com.st.stm32cube.ide.mcu.externaltools.gnu-tools-for-stm32.7-2018-q2-update.win32_1.0.0.201904181610/tools/bin/../lib/gcc/arm-none-eabi/7.3.1/thumb/v7e-m/fpv4-sp/hard/crtbegin.o
LOAD c:/st/stm32cubeide_1.1.0/stm32cubeide/plugins/com.st.stm32cube.ide.mcu.externaltools.gnu-tools-for-stm32.7-2018-q2-update.win32_1.0.0.201904181610/tools/bin/../lib/gcc/arm-none-eabi/7.3.1/../../../../arm-none-eabi/lib/thumb/v7e-m/fpv4-sp/hard/crt0.o
LOAD Application/Startup/startup_stm32wb55rgvx.o
LOAD Application/User/syscalls.o
LOAD Application/User/sysmem.o
LOAD Core/Src/main.o
LOAD Core/Src/stm32wbxx_hal_msp.o
LOAD Core/Src/stm32wbxx_it.o
LOAD Core/Src/system_stm32wbxx.o
LOAD Drivers/BSP/Adafruit_Shield/stm32_adafruit_lcd.o
LOAD Drivers/BSP/Adafruit_Shield/stm32_adafruit_sd.o
LOAD Drivers/BSP/Components/st7735.o
LOAD Drivers/BSP/P-NUCLEO-WB55.Nucleo/stm32wbxx_nucleo.o
LOAD Drivers/STM32WBxx_HAL_Driver/stm32wbxx_hal.o
LOAD Drivers/STM32WBxx_HAL_Driver/stm32wbxx_hal_cortex.o
LOAD Drivers/STM32WBxx_HAL_Driver/stm32wbxx_hal_dma.o
LOAD Drivers/STM32WBxx_HAL_Driver/stm32wbxx_hal_dma_ex.o
LOAD Drivers/STM32WBxx_HAL_Driver/stm32wbxx_hal_exti.o
LOAD Drivers/STM32WBxx_HAL_Driver/stm32wbxx_hal_flash.o
LOAD Drivers/STM32WBxx_HAL_Driver/stm32wbxx_hal_flash_ex.o
LOAD Drivers/STM32WBxx_HAL_Driver/stm32wbxx_hal_gpio.o
LOAD Drivers/STM32WBxx_HAL_Driver/stm32wbxx_hal_hsem.o
LOAD Drivers/STM32WBxx_HAL_Driver/stm32wbxx_hal_pwr.o
LOAD Drivers/STM32WBxx_HAL_Driver/stm32wbxx_hal_pwr_ex.o
LOAD Drivers/STM32WBxx_HAL_Driver/stm32wbxx_hal_rcc.o
LOAD Drivers/STM32WBxx_HAL_Driver/stm32wbxx_hal_rcc_ex.o
LOAD Drivers/STM32WBxx_HAL_Driver/stm32wbxx_hal_spi.o
LOAD Drivers/STM32WBxx_HAL_Driver/stm32wbxx_hal_spi_ex.o
LOAD Drivers/STM32WBxx_HAL_Driver/stm32wbxx_hal_tim.o
LOAD Drivers/STM32WBxx_HAL_Driver/stm32wbxx_hal_tim_ex.o
LOAD FATFS/App/app_fatfs.o
LOAD FATFS/Target/sd_diskio.o
LOAD Middlewares/FatFs/diskio.o
LOAD Middlewares/FatFs/ff.o
LOAD Middlewares/FatFs/ff_gen_drv.o
LOAD Middlewares/FatFs/syscall.o
START GROUP
LOAD c:/st/stm32cubeide_1.1.0/stm32cubeide/plugins/com.st.stm32cube.ide.mcu.externaltools.gnu-tools-for-stm32.7-2018-q2-update.win32_1.0.0.201904181610/tools/bin/../lib/gcc/arm-none-eabi/7.3.1/../../../../arm-none-eabi/lib/thumb/v7e-m/fpv4-sp/hard\libc_nano.a
LOAD c:/st/stm32cubeide_1.1.0/stm32cubeide/plugins/com.st.stm32cube.ide.mcu.externaltools.gnu-tools-for-stm32.7-2018-q2-update.win32_1.0.0.201904181610/tools/bin/../lib/gcc/arm-none-eabi/7.3.1/../../../../arm-none-eabi/lib/thumb/v7e-m/fpv4-sp/hard\libm.a
END GROUP
START GROUP
LOAD c:/st/stm32cubeide_1.1.0/stm32cubeide/plugins/com.st.stm32cube.ide.mcu.externaltools.gnu-tools-for-stm32.7-2018-q2-update.win32_1.0.0.201904181610/tools/bin/../lib/gcc/arm-none-eabi/7.3.1/thumb/v7e-m/fpv4-sp/hard\libgcc.a
LOAD c:/st/stm32cubeide_1.1.0/stm32cubeide/plugins/com.st.stm32cube.ide.mcu.externaltools.gnu-tools-for-stm32.7-2018-q2-update.win32_1.0.0.201904181610/tools/bin/../lib/gcc/arm-none-eabi/7.3.1/../../../../arm-none-eabi/lib/thumb/v7e-m/fpv4-sp/hard\libc_nano.a
END GROUP
START GROUP
LOAD c:/st/stm32cubeide_1.1.0/stm32cubeide/plugins/com.st.stm32cube.ide.mcu.externaltools.gnu-tools-for-stm32.7-2018-q2-update.win32_1.0.0.201904181610/tools/bin/../lib/gcc/arm-none-eabi/7.3.1/thumb/v7e-m/fpv4-sp/hard\libgcc.a
LOAD c:/st/stm32cubeide_1.1.0/stm32cubeide/plugins/com.st.stm32cube.ide.mcu.externaltools.gnu-tools-for-stm32.7-2018-q2-update.win32_1.0.0.201904181610/tools/bin/../lib/gcc/arm-none-eabi/7.3.1/../../../../arm-none-eabi/lib/thumb/v7e-m/fpv4-sp/hard\libc_nano.a
LOAD c:/st/stm32cubeide_1.1.0/stm32cubeide/plugins/com.st.stm32cube.ide.mcu.externaltools.gnu-tools-for-stm32.7-2018-q2-update.win32_1.0.0.201904181610/tools/bin/../lib/gcc/arm-none-eabi/7.3.1/../../../../arm-none-eabi/lib/thumb/v7e-m/fpv4-sp/hard\libnosys.a
END GROUP
START GROUP
LOAD c:/st/stm32cubeide_1.1.0/stm32cubeide/plugins/com.st.stm32cube.ide.mcu.externaltools.gnu-tools-for-stm32.7-2018-q2-update.win32_1.0.0.201904181610/tools/bin/../lib/gcc/arm-none-eabi/7.3.1/thumb/v7e-m/fpv4-sp/hard\libgcc.a
LOAD c:/st/stm32cubeide_1.1.0/stm32cubeide/plugins/com.st.stm32cube.ide.mcu.externaltools.gnu-tools-for-stm32.7-2018-q2-update.win32_1.0.0.201904181610/tools/bin/../lib/gcc/arm-none-eabi/7.3.1/../../../../arm-none-eabi/lib/thumb/v7e-m/fpv4-sp/hard\libc_nano.a
LOAD c:/st/stm32cubeide_1.1.0/stm32cubeide/plugins/com.st.stm32cube.ide.mcu.externaltools.gnu-tools-for-stm32.7-2018-q2-update.win32_1.0.0.201904181610/tools/bin/../lib/gcc/arm-none-eabi/7.3.1/../../../../arm-none-eabi/lib/thumb/v7e-m/fpv4-sp/hard\libnosys.a
END GROUP
LOAD c:/st/stm32cubeide_1.1.0/stm32cubeide/plugins/com.st.stm32cube.ide.mcu.externaltools.gnu-tools-for-stm32.7-2018-q2-update.win32_1.0.0.201904181610/tools/bin/../lib/gcc/arm-none-eabi/7.3.1/thumb/v7e-m/fpv4-sp/hard/crtend.o
LOAD c:/st/stm32cubeide_1.1.0/stm32cubeide/plugins/com.st.stm32cube.ide.mcu.externaltools.gnu-tools-for-stm32.7-2018-q2-update.win32_1.0.0.201904181610/tools/bin/../lib/gcc/arm-none-eabi/7.3.1/thumb/v7e-m/fpv4-sp/hard/crtn.o
                0x0000000020030000                _estack = 0x20030000
                0x0000000000000400                _Min_Heap_Size = 0x400
                0x0000000000000400                _Min_Stack_Size = 0x400

.isr_vector     0x0000000008000000      0x13c
                0x0000000008000000                . = ALIGN (0x4)
 *(.isr_vector)
 .isr_vector    0x0000000008000000      0x13c Application/Startup/startup_stm32wb55rgvx.o
                0x0000000008000000                g_pfnVectors
                0x000000000800013c                . = ALIGN (0x4)

.text           0x000000000800013c     0x6418
                0x000000000800013c                . = ALIGN (0x4)
 *(.text)
 .text          0x000000000800013c       0x40 c:/st/stm32cubeide_1.1.0/stm32cubeide/plugins/com.st.stm32cube.ide.mcu.externaltools.gnu-tools-for-stm32.7-2018-q2-update.win32_1.0.0.201904181610/tools/bin/../lib/gcc/arm-none-eabi/7.3.1/thumb/v7e-m/fpv4-sp/hard/crtbegin.o
 *(.text*)
 .text.data_initializers
                0x000000000800017c       0x18 Application/Startup/startup_stm32wb55rgvx.o
 .text.Reset_Handler
                0x0000000008000194       0x54 Application/Startup/startup_stm32wb55rgvx.o
                0x0000000008000194                Reset_Handler
 .text.Default_Handler
                0x00000000080001e8        0x2 Application/Startup/startup_stm32wb55rgvx.o
                0x00000000080001e8                RTC_Alarm_IRQHandler
                0x00000000080001e8                EXTI2_IRQHandler
                0x00000000080001e8                TIM1_CC_IRQHandler
                0x00000000080001e8                TSC_IRQHandler
                0x00000000080001e8                USB_HP_IRQHandler
                0x00000000080001e8                EXTI3_IRQHandler
                0x00000000080001e8                LPTIM2_IRQHandler
                0x00000000080001e8                I2C3_ER_IRQHandler
                0x00000000080001e8                EXTI0_IRQHandler
                0x00000000080001e8                FPU_IRQHandler
                0x00000000080001e8                TIM1_UP_TIM16_IRQHandler
                0x00000000080001e8                AES1_IRQHandler
                0x00000000080001e8                SPI1_IRQHandler
                0x00000000080001e8                PWR_SOTF_BLEACT_802ACT_RFPHASE_IRQHandler
                0x00000000080001e8                DMA2_Channel2_IRQHandler
                0x00000000080001e8                DMA1_Channel4_IRQHandler
                0x00000000080001e8                ADC1_IRQHandler
                0x00000000080001e8                PKA_IRQHandler
                0x00000000080001e8                DMA1_Channel7_IRQHandler
                0x00000000080001e8                LCD_IRQHandler
                0x00000000080001e8                IPCC_C1_TX_IRQHandler
                0x00000000080001e8                DMA2_Channel1_IRQHandler
                0x00000000080001e8                QUADSPI_IRQHandler
                0x00000000080001e8                I2C1_EV_IRQHandler
                0x00000000080001e8                DMAMUX1_OVR_IRQHandler
                0x00000000080001e8                DMA1_Channel6_IRQHandler
                0x00000000080001e8                DMA2_Channel4_IRQHandler
                0x00000000080001e8                RCC_IRQHandler
                0x00000000080001e8                DMA1_Channel1_IRQHandler
                0x00000000080001e8                Default_Handler
                0x00000000080001e8                DMA2_Channel7_IRQHandler
                0x00000000080001e8                EXTI15_10_IRQHandler
                0x00000000080001e8                IPCC_C1_RX_IRQHandler
                0x00000000080001e8                C2SEV_PWR_C2H_IRQHandler
                0x00000000080001e8                AES2_IRQHandler
                0x00000000080001e8                I2C3_EV_IRQHandler
                0x00000000080001e8                EXTI9_5_IRQHandler
                0x00000000080001e8                RTC_WKUP_IRQHandler
                0x00000000080001e8                PVD_PVM_IRQHandler
                0x00000000080001e8                SPI2_IRQHandler
                0x00000000080001e8                DMA2_Channel5_IRQHandler
                0x00000000080001e8                CRS_IRQHandler
                0x00000000080001e8                DMA1_Channel5_IRQHandler
                0x00000000080001e8                USB_LP_IRQHandler
                0x00000000080001e8                EXTI4_IRQHandler
                0x00000000080001e8                RNG_IRQHandler
                0x00000000080001e8                TIM1_TRG_COM_TIM17_IRQHandler
                0x00000000080001e8                TAMP_STAMP_LSECSS_IRQHandler
                0x00000000080001e8                DMA1_Channel3_IRQHandler
                0x00000000080001e8                COMP_IRQHandler
                0x00000000080001e8                HSEM_IRQHandler
                0x00000000080001e8                WWDG_IRQHandler
                0x00000000080001e8                LPUART1_IRQHandler
                0x00000000080001e8                DMA2_Channel6_IRQHandler
                0x00000000080001e8                TIM2_IRQHandler
                0x00000000080001e8                TIM1_BRK_IRQHandler
                0x00000000080001e8                EXTI1_IRQHandler
                0x00000000080001e8                DMA1_Channel2_IRQHandler
                0x00000000080001e8                FLASH_IRQHandler
                0x00000000080001e8                USART1_IRQHandler
                0x00000000080001e8                I2C1_ER_IRQHandler
                0x00000000080001e8                LPTIM1_IRQHandler
                0x00000000080001e8                SAI1_IRQHandler
                0x00000000080001e8                DMA2_Channel3_IRQHandler
 *fill*         0x00000000080001ea        0x2 
 .text._sbrk    0x00000000080001ec       0x58 Application/User/sysmem.o
                0x00000000080001ec                _sbrk
 .text.main     0x0000000008000244       0xcc Core/Src/main.o
                0x0000000008000244                main
 .text.SystemClock_Config
                0x0000000008000310       0xa2 Core/Src/main.o
                0x0000000008000310                SystemClock_Config
 .text.Error_Handler
                0x00000000080003b2       0x12 Core/Src/main.o
                0x00000000080003b2                Error_Handler
 .text.HAL_MspInit
                0x00000000080003c4        0xe Core/Src/stm32wbxx_hal_msp.o
                0x00000000080003c4                HAL_MspInit
 .text.NMI_Handler
                0x00000000080003d2        0xe Core/Src/stm32wbxx_it.o
                0x00000000080003d2                NMI_Handler
 .text.HardFault_Handler
                0x00000000080003e0        0x6 Core/Src/stm32wbxx_it.o
                0x00000000080003e0                HardFault_Handler
 .text.MemManage_Handler
                0x00000000080003e6        0x6 Core/Src/stm32wbxx_it.o
                0x00000000080003e6                MemManage_Handler
 .text.BusFault_Handler
                0x00000000080003ec        0x6 Core/Src/stm32wbxx_it.o
                0x00000000080003ec                BusFault_Handler
 .text.UsageFault_Handler
                0x00000000080003f2        0x6 Core/Src/stm32wbxx_it.o
                0x00000000080003f2                UsageFault_Handler
 .text.SVC_Handler
                0x00000000080003f8        0xe Core/Src/stm32wbxx_it.o
                0x00000000080003f8                SVC_Handler
 .text.DebugMon_Handler
                0x0000000008000406        0xe Core/Src/stm32wbxx_it.o
                0x0000000008000406                DebugMon_Handler
 .text.PendSV_Handler
                0x0000000008000414        0xe Core/Src/stm32wbxx_it.o
                0x0000000008000414                PendSV_Handler
 .text.SysTick_Handler
                0x0000000008000422        0xc Core/Src/stm32wbxx_it.o
                0x0000000008000422                SysTick_Handler
 *fill*         0x000000000800042e        0x2 
 .text.SystemInit
                0x0000000008000430       0xac Core/Src/system_stm32wbxx.o
                0x0000000008000430                SystemInit
 .text.SystemCoreClockUpdate
                0x00000000080004dc      0x144 Core/Src/system_stm32wbxx.o
                0x00000000080004dc                SystemCoreClockUpdate
 .text.BSP_SD_Init
                0x0000000008000620       0x1c Drivers/BSP/Adafruit_Shield/stm32_adafruit_sd.o
                0x0000000008000620                BSP_SD_Init
 .text.BSP_SD_GetCardInfo
                0x000000000800063c       0xe0 Drivers/BSP/Adafruit_Shield/stm32_adafruit_sd.o
                0x000000000800063c                BSP_SD_GetCardInfo
 .text.BSP_SD_ReadBlocks
                0x000000000800071c      0x13c Drivers/BSP/Adafruit_Shield/stm32_adafruit_sd.o
                0x000000000800071c                BSP_SD_ReadBlocks
 .text.BSP_SD_WriteBlocks
                0x0000000008000858      0x140 Drivers/BSP/Adafruit_Shield/stm32_adafruit_sd.o
                0x0000000008000858                BSP_SD_WriteBlocks
 .text.BSP_SD_GetCardState
                0x0000000008000998       0x3c Drivers/BSP/Adafruit_Shield/stm32_adafruit_sd.o
                0x0000000008000998                BSP_SD_GetCardState
 .text.SD_GetCSDRegister
                0x00000000080009d4      0x404 Drivers/BSP/Adafruit_Shield/stm32_adafruit_sd.o
 .text.SD_GetCIDRegister
                0x0000000008000dd8      0x166 Drivers/BSP/Adafruit_Shield/stm32_adafruit_sd.o
 *fill*         0x0000000008000f3e        0x2 
 .text.SD_SendCmd
                0x0000000008000f40      0x144 Drivers/BSP/Adafruit_Shield/stm32_adafruit_sd.o
 .text.SD_GetDataResponse
                0x0000000008001084       0x64 Drivers/BSP/Adafruit_Shield/stm32_adafruit_sd.o
 .text.SD_GoIdleState
                0x00000000080010e8      0x208 Drivers/BSP/Adafruit_Shield/stm32_adafruit_sd.o
 .text.SD_ReadData
                0x00000000080012f0       0x30 Drivers/BSP/Adafruit_Shield/stm32_adafruit_sd.o
 .text.SD_WaitData
                0x0000000008001320       0x42 Drivers/BSP/Adafruit_Shield/stm32_adafruit_sd.o
 .text.LL_AHB2_GRP1_EnableClock
                0x0000000008001362       0x32 Drivers/BSP/P-NUCLEO-WB55.Nucleo/stm32wbxx_nucleo.o
 .text.LL_APB2_GRP1_EnableClock
                0x0000000008001394       0x32 Drivers/BSP/P-NUCLEO-WB55.Nucleo/stm32wbxx_nucleo.o
 *fill*         0x00000000080013c6        0x2 
 .text.BSP_LED_Init
                0x00000000080013c8       0x74 Drivers/BSP/P-NUCLEO-WB55.Nucleo/stm32wbxx_nucleo.o
                0x00000000080013c8                BSP_LED_Init
 .text.BSP_LED_On
                0x000000000800143c       0x34 Drivers/BSP/P-NUCLEO-WB55.Nucleo/stm32wbxx_nucleo.o
                0x000000000800143c                BSP_LED_On
 .text.BSP_LED_Off
                0x0000000008001470       0x34 Drivers/BSP/P-NUCLEO-WB55.Nucleo/stm32wbxx_nucleo.o
                0x0000000008001470                BSP_LED_Off
 .text.SPIx_MspInit
                0x00000000080014a4       0x78 Drivers/BSP/P-NUCLEO-WB55.Nucleo/stm32wbxx_nucleo.o
 .text.SPIx_Init
                0x000000000800151c       0x80 Drivers/BSP/P-NUCLEO-WB55.Nucleo/stm32wbxx_nucleo.o
 .text.SPIx_WriteReadData
                0x000000000800159c       0x44 Drivers/BSP/P-NUCLEO-WB55.Nucleo/stm32wbxx_nucleo.o
 .text.SPIx_Error
                0x00000000080015e0       0x18 Drivers/BSP/P-NUCLEO-WB55.Nucleo/stm32wbxx_nucleo.o
 .text.SD_IO_Init
                0x00000000080015f8       0x98 Drivers/BSP/P-NUCLEO-WB55.Nucleo/stm32wbxx_nucleo.o
                0x00000000080015f8                SD_IO_Init
 .text.SD_IO_CSState
                0x0000000008001690       0x38 Drivers/BSP/P-NUCLEO-WB55.Nucleo/stm32wbxx_nucleo.o
                0x0000000008001690                SD_IO_CSState
 .text.SD_IO_WriteReadData
                0x00000000080016c8       0x22 Drivers/BSP/P-NUCLEO-WB55.Nucleo/stm32wbxx_nucleo.o
                0x00000000080016c8                SD_IO_WriteReadData
 .text.SD_IO_WriteByte
                0x00000000080016ea       0x22 Drivers/BSP/P-NUCLEO-WB55.Nucleo/stm32wbxx_nucleo.o
                0x00000000080016ea                SD_IO_WriteByte
 .text.HAL_Init
                0x000000000800170c       0x40 Drivers/STM32WBxx_HAL_Driver/stm32wbxx_hal.o
                0x000000000800170c                HAL_Init
 .text.HAL_InitTick
                0x000000000800174c       0x74 Drivers/STM32WBxx_HAL_Driver/stm32wbxx_hal.o
                0x000000000800174c                HAL_InitTick
 .text.HAL_IncTick
                0x00000000080017c0       0x24 Drivers/STM32WBxx_HAL_Driver/stm32wbxx_hal.o
                0x00000000080017c0                HAL_IncTick
 .text.HAL_GetTick
                0x00000000080017e4       0x18 Drivers/STM32WBxx_HAL_Driver/stm32wbxx_hal.o
                0x00000000080017e4                HAL_GetTick
 .text.HAL_GetTickPrio
                0x00000000080017fc       0x18 Drivers/STM32WBxx_HAL_Driver/stm32wbxx_hal.o
                0x00000000080017fc                HAL_GetTickPrio
 .text.HAL_Delay
                0x0000000008001814       0x44 Drivers/STM32WBxx_HAL_Driver/stm32wbxx_hal.o
                0x0000000008001814                HAL_Delay
 .text.__NVIC_SetPriorityGrouping
                0x0000000008001858       0x48 Drivers/STM32WBxx_HAL_Driver/stm32wbxx_hal_cortex.o
 .text.__NVIC_GetPriorityGrouping
                0x00000000080018a0       0x1c Drivers/STM32WBxx_HAL_Driver/stm32wbxx_hal_cortex.o
 .text.__NVIC_SetPriority
                0x00000000080018bc       0x54 Drivers/STM32WBxx_HAL_Driver/stm32wbxx_hal_cortex.o
 .text.NVIC_EncodePriority
                0x0000000008001910       0x66 Drivers/STM32WBxx_HAL_Driver/stm32wbxx_hal_cortex.o
 *fill*         0x0000000008001976        0x2 
 .text.SysTick_Config
                0x0000000008001978       0x44 Drivers/STM32WBxx_HAL_Driver/stm32wbxx_hal_cortex.o
 .text.HAL_NVIC_SetPriorityGrouping
                0x00000000080019bc       0x16 Drivers/STM32WBxx_HAL_Driver/stm32wbxx_hal_cortex.o
                0x00000000080019bc                HAL_NVIC_SetPriorityGrouping
 .text.HAL_NVIC_SetPriority
                0x00000000080019d2       0x34 Drivers/STM32WBxx_HAL_Driver/stm32wbxx_hal_cortex.o
                0x00000000080019d2                HAL_NVIC_SetPriority
 .text.HAL_SYSTICK_Config
                0x0000000008001a06       0x18 Drivers/STM32WBxx_HAL_Driver/stm32wbxx_hal_cortex.o
                0x0000000008001a06                HAL_SYSTICK_Config
 *fill*         0x0000000008001a1e        0x2 
 .text.HAL_GPIO_Init
                0x0000000008001a20      0x2e0 Drivers/STM32WBxx_HAL_Driver/stm32wbxx_hal_gpio.o
                0x0000000008001a20                HAL_GPIO_Init
 .text.HAL_GPIO_WritePin
                0x0000000008001d00       0x30 Drivers/STM32WBxx_HAL_Driver/stm32wbxx_hal_gpio.o
                0x0000000008001d00                HAL_GPIO_WritePin
 .text.HAL_PWR_EnableBkUpAccess
                0x0000000008001d30       0x20 Drivers/STM32WBxx_HAL_Driver/stm32wbxx_hal_pwr.o
                0x0000000008001d30                HAL_PWR_EnableBkUpAccess
 .text.HAL_PWREx_GetVoltageRange
                0x0000000008001d50       0x1c Drivers/STM32WBxx_HAL_Driver/stm32wbxx_hal_pwr_ex.o
                0x0000000008001d50                HAL_PWREx_GetVoltageRange
 .text.LL_RCC_HSE_IsEnabledDiv2
                0x0000000008001d6c       0x24 Drivers/STM32WBxx_HAL_Driver/stm32wbxx_hal_rcc.o
 .text.LL_RCC_HSE_EnableBypass
                0x0000000008001d90       0x1e Drivers/STM32WBxx_HAL_Driver/stm32wbxx_hal_rcc.o
 .text.LL_RCC_HSE_DisableBypass
                0x0000000008001dae       0x1e Drivers/STM32WBxx_HAL_Driver/stm32wbxx_hal_rcc.o
 .text.LL_RCC_HSE_Enable
                0x0000000008001dcc       0x1e Drivers/STM32WBxx_HAL_Driver/stm32wbxx_hal_rcc.o
 .text.LL_RCC_HSE_Disable
                0x0000000008001dea       0x1e Drivers/STM32WBxx_HAL_Driver/stm32wbxx_hal_rcc.o
 .text.LL_RCC_HSE_IsReady
                0x0000000008001e08       0x24 Drivers/STM32WBxx_HAL_Driver/stm32wbxx_hal_rcc.o
 .text.LL_RCC_HSI_Enable
                0x0000000008001e2c       0x1e Drivers/STM32WBxx_HAL_Driver/stm32wbxx_hal_rcc.o
 .text.LL_RCC_HSI_Disable
                0x0000000008001e4a       0x1e Drivers/STM32WBxx_HAL_Driver/stm32wbxx_hal_rcc.o
 .text.LL_RCC_HSI_IsReady
                0x0000000008001e68       0x24 Drivers/STM32WBxx_HAL_Driver/stm32wbxx_hal_rcc.o
 .text.LL_RCC_HSI_SetCalibTrimming
                0x0000000008001e8c       0x2a Drivers/STM32WBxx_HAL_Driver/stm32wbxx_hal_rcc.o
 .text.LL_RCC_HSI48_Enable
                0x0000000008001eb6       0x22 Drivers/STM32WBxx_HAL_Driver/stm32wbxx_hal_rcc.o
 .text.LL_RCC_HSI48_Disable
                0x0000000008001ed8       0x22 Drivers/STM32WBxx_HAL_Driver/stm32wbxx_hal_rcc.o
 .text.LL_RCC_HSI48_IsReady
                0x0000000008001efa       0x24 Drivers/STM32WBxx_HAL_Driver/stm32wbxx_hal_rcc.o
 .text.LL_RCC_LSE_Enable
                0x0000000008001f1e       0x22 Drivers/STM32WBxx_HAL_Driver/stm32wbxx_hal_rcc.o
 .text.LL_RCC_LSE_Disable
                0x0000000008001f40       0x22 Drivers/STM32WBxx_HAL_Driver/stm32wbxx_hal_rcc.o
 .text.LL_RCC_LSE_EnableBypass
                0x0000000008001f62       0x22 Drivers/STM32WBxx_HAL_Driver/stm32wbxx_hal_rcc.o
 .text.LL_RCC_LSE_DisableBypass
                0x0000000008001f84       0x22 Drivers/STM32WBxx_HAL_Driver/stm32wbxx_hal_rcc.o
 .text.LL_RCC_LSE_IsReady
                0x0000000008001fa6       0x24 Drivers/STM32WBxx_HAL_Driver/stm32wbxx_hal_rcc.o
 .text.LL_RCC_LSI1_Enable
                0x0000000008001fca       0x22 Drivers/STM32WBxx_HAL_Driver/stm32wbxx_hal_rcc.o
 .text.LL_RCC_LSI1_Disable
                0x0000000008001fec       0x22 Drivers/STM32WBxx_HAL_Driver/stm32wbxx_hal_rcc.o
 .text.LL_RCC_LSI1_IsReady
                0x000000000800200e       0x24 Drivers/STM32WBxx_HAL_Driver/stm32wbxx_hal_rcc.o
 .text.LL_RCC_LSI2_Enable
                0x0000000008002032       0x22 Drivers/STM32WBxx_HAL_Driver/stm32wbxx_hal_rcc.o
 .text.LL_RCC_LSI2_Disable
                0x0000000008002054       0x22 Drivers/STM32WBxx_HAL_Driver/stm32wbxx_hal_rcc.o
 .text.LL_RCC_LSI2_IsReady
                0x0000000008002076       0x24 Drivers/STM32WBxx_HAL_Driver/stm32wbxx_hal_rcc.o
 .text.LL_RCC_LSI2_SetTrimming
                0x000000000800209a       0x2e Drivers/STM32WBxx_HAL_Driver/stm32wbxx_hal_rcc.o
 .text.LL_RCC_MSI_Enable
                0x00000000080020c8       0x1e Drivers/STM32WBxx_HAL_Driver/stm32wbxx_hal_rcc.o
 .text.LL_RCC_MSI_Disable
                0x00000000080020e6       0x1e Drivers/STM32WBxx_HAL_Driver/stm32wbxx_hal_rcc.o
 .text.LL_RCC_MSI_IsReady
                0x0000000008002104       0x22 Drivers/STM32WBxx_HAL_Driver/stm32wbxx_hal_rcc.o
 .text.LL_RCC_MSI_SetRange
                0x0000000008002126       0x28 Drivers/STM32WBxx_HAL_Driver/stm32wbxx_hal_rcc.o
 .text.LL_RCC_MSI_GetRange
                0x000000000800214e       0x2a Drivers/STM32WBxx_HAL_Driver/stm32wbxx_hal_rcc.o
 .text.LL_RCC_MSI_SetCalibTrimming
                0x0000000008002178       0x2a Drivers/STM32WBxx_HAL_Driver/stm32wbxx_hal_rcc.o
 .text.LL_RCC_SetSysClkSource
                0x00000000080021a2       0x28 Drivers/STM32WBxx_HAL_Driver/stm32wbxx_hal_rcc.o
 .text.LL_RCC_GetSysClkSource
                0x00000000080021ca       0x18 Drivers/STM32WBxx_HAL_Driver/stm32wbxx_hal_rcc.o
 .text.LL_RCC_SetAHBPrescaler
                0x00000000080021e2       0x28 Drivers/STM32WBxx_HAL_Driver/stm32wbxx_hal_rcc.o
 .text.LL_C2_RCC_SetAHBPrescaler
                0x000000000800220a       0x2c Drivers/STM32WBxx_HAL_Driver/stm32wbxx_hal_rcc.o
 .text.LL_RCC_SetAHB4Prescaler
                0x0000000008002236       0x2e Drivers/STM32WBxx_HAL_Driver/stm32wbxx_hal_rcc.o
 .text.LL_RCC_SetAPB1Prescaler
                0x0000000008002264       0x28 Drivers/STM32WBxx_HAL_Driver/stm32wbxx_hal_rcc.o
 .text.LL_RCC_SetAPB2Prescaler
                0x000000000800228c       0x28 Drivers/STM32WBxx_HAL_Driver/stm32wbxx_hal_rcc.o
 .text.LL_RCC_GetAHBPrescaler
                0x00000000080022b4       0x18 Drivers/STM32WBxx_HAL_Driver/stm32wbxx_hal_rcc.o
 .text.LL_RCC_GetAHB4Prescaler
                0x00000000080022cc       0x1c Drivers/STM32WBxx_HAL_Driver/stm32wbxx_hal_rcc.o
 .text.LL_RCC_PLL_Enable
                0x00000000080022e8       0x1e Drivers/STM32WBxx_HAL_Driver/stm32wbxx_hal_rcc.o
 .text.LL_RCC_PLL_Disable
                0x0000000008002306       0x1e Drivers/STM32WBxx_HAL_Driver/stm32wbxx_hal_rcc.o
 .text.LL_RCC_PLL_IsReady
                0x0000000008002324       0x24 Drivers/STM32WBxx_HAL_Driver/stm32wbxx_hal_rcc.o
 .text.LL_RCC_PLL_GetN
                0x0000000008002348       0x1a Drivers/STM32WBxx_HAL_Driver/stm32wbxx_hal_rcc.o
 .text.LL_RCC_PLL_GetR
                0x0000000008002362       0x18 Drivers/STM32WBxx_HAL_Driver/stm32wbxx_hal_rcc.o
 .text.LL_RCC_PLL_GetDivider
                0x000000000800237a       0x18 Drivers/STM32WBxx_HAL_Driver/stm32wbxx_hal_rcc.o
 .text.LL_RCC_PLL_GetMainSource
                0x0000000008002392       0x18 Drivers/STM32WBxx_HAL_Driver/stm32wbxx_hal_rcc.o
 .text.LL_RCC_IsActiveFlag_HPRE
                0x00000000080023aa       0x24 Drivers/STM32WBxx_HAL_Driver/stm32wbxx_hal_rcc.o
 .text.LL_RCC_IsActiveFlag_C2HPRE
                0x00000000080023ce       0x26 Drivers/STM32WBxx_HAL_Driver/stm32wbxx_hal_rcc.o
 .text.LL_RCC_IsActiveFlag_SHDHPRE
                0x00000000080023f4       0x26 Drivers/STM32WBxx_HAL_Driver/stm32wbxx_hal_rcc.o
 .text.LL_RCC_IsActiveFlag_PPRE1
                0x000000000800241a       0x24 Drivers/STM32WBxx_HAL_Driver/stm32wbxx_hal_rcc.o
 .text.LL_RCC_IsActiveFlag_PPRE2
                0x000000000800243e       0x24 Drivers/STM32WBxx_HAL_Driver/stm32wbxx_hal_rcc.o
 *fill*         0x0000000008002462        0x2 
 .text.HAL_RCC_OscConfig
                0x0000000008002464      0x6bc Drivers/STM32WBxx_HAL_Driver/stm32wbxx_hal_rcc.o
                0x0000000008002464                HAL_RCC_OscConfig
 .text.HAL_RCC_ClockConfig
                0x0000000008002b20      0x278 Drivers/STM32WBxx_HAL_Driver/stm32wbxx_hal_rcc.o
                0x0000000008002b20                HAL_RCC_ClockConfig
 .text.HAL_RCC_GetSysClockFreq
                0x0000000008002d98       0xd8 Drivers/STM32WBxx_HAL_Driver/stm32wbxx_hal_rcc.o
                0x0000000008002d98                HAL_RCC_GetSysClockFreq
 .text.HAL_RCC_GetHCLKFreq
                0x0000000008002e70       0x28 Drivers/STM32WBxx_HAL_Driver/stm32wbxx_hal_rcc.o
                0x0000000008002e70                HAL_RCC_GetHCLKFreq
 .text.RCC_SetFlashLatencyFromMSIRange
                0x0000000008002e98       0x70 Drivers/STM32WBxx_HAL_Driver/stm32wbxx_hal_rcc.o
 .text.RCC_SetFlashLatency
                0x0000000008002f08      0x100 Drivers/STM32WBxx_HAL_Driver/stm32wbxx_hal_rcc.o
 .text.HAL_SPI_Init
                0x0000000008003008      0x114 Drivers/STM32WBxx_HAL_Driver/stm32wbxx_hal_spi.o
                0x0000000008003008                HAL_SPI_Init
 .text.HAL_SPI_DeInit
                0x000000000800311c       0x50 Drivers/STM32WBxx_HAL_Driver/stm32wbxx_hal_spi.o
                0x000000000800311c                HAL_SPI_DeInit
 .text.HAL_SPI_MspInit
                0x000000000800316c       0x14 Drivers/STM32WBxx_HAL_Driver/stm32wbxx_hal_spi.o
                0x000000000800316c                HAL_SPI_MspInit
 .text.HAL_SPI_MspDeInit
                0x0000000008003180       0x14 Drivers/STM32WBxx_HAL_Driver/stm32wbxx_hal_spi.o
                0x0000000008003180                HAL_SPI_MspDeInit
 .text.HAL_SPI_TransmitReceive
                0x0000000008003194      0x426 Drivers/STM32WBxx_HAL_Driver/stm32wbxx_hal_spi.o
                0x0000000008003194                HAL_SPI_TransmitReceive
 .text.HAL_SPI_GetState
                0x00000000080035ba       0x1c Drivers/STM32WBxx_HAL_Driver/stm32wbxx_hal_spi.o
                0x00000000080035ba                HAL_SPI_GetState
 .text.SPI_WaitFlagStateUntilTimeout
                0x00000000080035d6       0xd4 Drivers/STM32WBxx_HAL_Driver/stm32wbxx_hal_spi.o
 .text.SPI_WaitFifoStateUntilTimeout
                0x00000000080036aa       0xda Drivers/STM32WBxx_HAL_Driver/stm32wbxx_hal_spi.o
 .text.SPI_EndRxTxTransaction
                0x0000000008003784       0x8c Drivers/STM32WBxx_HAL_Driver/stm32wbxx_hal_spi.o
 .text.MX_FATFS_Init
                0x0000000008003810       0x30 FATFS/App/app_fatfs.o
                0x0000000008003810                MX_FATFS_Init
 .text.MX_FATFS_Process
                0x0000000008003840       0x50 FATFS/App/app_fatfs.o
                0x0000000008003840                MX_FATFS_Process
 .text.get_fattime
                0x0000000008003890       0x10 FATFS/App/app_fatfs.o
                0x0000000008003890                get_fattime
 .text.FS_FileOperations
                0x00000000080038a0       0xe0 FATFS/App/app_fatfs.o
 .text.SD_CheckStatus
                0x0000000008003980       0x3c FATFS/Target/sd_diskio.o
 .text.SD_initialize
                0x00000000080039bc       0x3c FATFS/Target/sd_diskio.o
                0x00000000080039bc                SD_initialize
 .text.SD_status
                0x00000000080039f8       0x1c FATFS/Target/sd_diskio.o
                0x00000000080039f8                SD_status
 .text.SD_read  0x0000000008003a14       0x44 FATFS/Target/sd_diskio.o
                0x0000000008003a14                SD_read
 .text.SD_write
                0x0000000008003a58       0x44 FATFS/Target/sd_diskio.o
                0x0000000008003a58                SD_write
 .text.SD_ioctl
                0x0000000008003a9c       0xb0 FATFS/Target/sd_diskio.o
                0x0000000008003a9c                SD_ioctl
 .text.disk_status
                0x0000000008003b4c       0x34 Middlewares/FatFs/diskio.o
                0x0000000008003b4c                disk_status
 .text.disk_initialize
                0x0000000008003b80       0x4c Middlewares/FatFs/diskio.o
                0x0000000008003b80                disk_initialize
 .text.disk_read
                0x0000000008003bcc       0x40 Middlewares/FatFs/diskio.o
                0x0000000008003bcc                disk_read
 .text.disk_write
                0x0000000008003c0c       0x40 Middlewares/FatFs/diskio.o
                0x0000000008003c0c                disk_write
 .text.disk_ioctl
                0x0000000008003c4c       0x3c Middlewares/FatFs/diskio.o
                0x0000000008003c4c                disk_ioctl
 .text.ld_word  0x0000000008003c88       0x30 Middlewares/FatFs/ff.o
 .text.ld_dword
                0x0000000008003cb8       0x46 Middlewares/FatFs/ff.o
 .text.st_word  0x0000000008003cfe       0x36 Middlewares/FatFs/ff.o
 .text.st_dword
                0x0000000008003d34       0x58 Middlewares/FatFs/ff.o
 .text.mem_cpy  0x0000000008003d8c       0x42 Middlewares/FatFs/ff.o
 .text.mem_set  0x0000000008003dce       0x34 Middlewares/FatFs/ff.o
 .text.mem_cmp  0x0000000008003e02       0x4e Middlewares/FatFs/ff.o
 .text.chk_chr  0x0000000008003e50       0x36 Middlewares/FatFs/ff.o
 *fill*         0x0000000008003e86        0x2 
 .text.chk_lock
                0x0000000008003e88       0xb8 Middlewares/FatFs/ff.o
 .text.enq_lock
                0x0000000008003f40       0x44 Middlewares/FatFs/ff.o
 .text.inc_lock
                0x0000000008003f84      0x11c Middlewares/FatFs/ff.o
 .text.dec_lock
                0x00000000080040a0       0x78 Middlewares/FatFs/ff.o
 .text.clear_lock
                0x0000000008004118       0x48 Middlewares/FatFs/ff.o
 .text.sync_window
                0x0000000008004160       0x88 Middlewares/FatFs/ff.o
 .text.move_window
                0x00000000080041e8       0x5a Middlewares/FatFs/ff.o
 *fill*         0x0000000008004242        0x2 
 .text.sync_fs  0x0000000008004244       0xe0 Middlewares/FatFs/ff.o
 .text.clust2sect
                0x0000000008004324       0x3e Middlewares/FatFs/ff.o
 .text.get_fat  0x0000000008004362      0x1a0 Middlewares/FatFs/ff.o
 .text.put_fat  0x0000000008004502      0x22e Middlewares/FatFs/ff.o
 .text.remove_chain
                0x0000000008004730       0xca Middlewares/FatFs/ff.o
 .text.create_chain
                0x00000000080047fa      0x130 Middlewares/FatFs/ff.o
 .text.clmt_clust
                0x000000000800492a       0x70 Middlewares/FatFs/ff.o
 .text.dir_sdi  0x000000000800499a      0x112 Middlewares/FatFs/ff.o
 .text.dir_next
                0x0000000008004aac      0x1ac Middlewares/FatFs/ff.o
 .text.dir_alloc
                0x0000000008004c58       0x8e Middlewares/FatFs/ff.o
 .text.ld_clust
                0x0000000008004ce6       0x3e Middlewares/FatFs/ff.o
 .text.st_clust
                0x0000000008004d24       0x40 Middlewares/FatFs/ff.o
 .text.dir_find
                0x0000000008004d64       0xaa Middlewares/FatFs/ff.o
 .text.dir_register
                0x0000000008004e0e       0x64 Middlewares/FatFs/ff.o
 *fill*         0x0000000008004e72        0x2 
 .text.create_name
                0x0000000008004e74      0x128 Middlewares/FatFs/ff.o
 .text.follow_path
                0x0000000008004f9c       0xec Middlewares/FatFs/ff.o
 .text.get_ldnumber
                0x0000000008005088       0x88 Middlewares/FatFs/ff.o
 .text.check_fs
                0x0000000008005110       0xac Middlewares/FatFs/ff.o
 .text.find_volume
                0x00000000080051bc      0x508 Middlewares/FatFs/ff.o
 .text.validate
                0x00000000080056c4       0x6a Middlewares/FatFs/ff.o
 *fill*         0x000000000800572e        0x2 
 .text.f_mount  0x0000000008005730       0x8c Middlewares/FatFs/ff.o
                0x0000000008005730                f_mount
 .text.f_open   0x00000000080057bc      0x398 Middlewares/FatFs/ff.o
                0x00000000080057bc                f_open
 .text.f_read   0x0000000008005b54      0x2be Middlewares/FatFs/ff.o
                0x0000000008005b54                f_read
 .text.f_write  0x0000000008005e12      0x328 Middlewares/FatFs/ff.o
                0x0000000008005e12                f_write
 .text.f_sync   0x000000000800613a       0xfc Middlewares/FatFs/ff.o
                0x000000000800613a                f_sync
 .text.f_close  0x0000000008006236       0x54 Middlewares/FatFs/ff.o
                0x0000000008006236                f_close
 *fill*         0x000000000800628a        0x2 
 .text.FATFS_LinkDriverEx
                0x000000000800628c       0x98 Middlewares/FatFs/ff_gen_drv.o
                0x000000000800628c                FATFS_LinkDriverEx
 .text.FATFS_LinkDriver
                0x0000000008006324       0x1e Middlewares/FatFs/ff_gen_drv.o
                0x0000000008006324                FATFS_LinkDriver
 *fill*         0x0000000008006342        0x2 
 .text.__errno  0x0000000008006344        0xc c:/st/stm32cubeide_1.1.0/stm32cubeide/plugins/com.st.stm32cube.ide.mcu.externaltools.gnu-tools-for-stm32.7-2018-q2-update.win32_1.0.0.201904181610/tools/bin/../lib/gcc/arm-none-eabi/7.3.1/../../../../arm-none-eabi/lib/thumb/v7e-m/fpv4-sp/hard\libc_nano.a(lib_a-errno.o)
                0x0000000008006344                __errno
 .text.__libc_init_array
                0x0000000008006350       0x48 c:/st/stm32cubeide_1.1.0/stm32cubeide/plugins/com.st.stm32cube.ide.mcu.externaltools.gnu-tools-for-stm32.7-2018-q2-update.win32_1.0.0.201904181610/tools/bin/../lib/gcc/arm-none-eabi/7.3.1/../../../../arm-none-eabi/lib/thumb/v7e-m/fpv4-sp/hard\libc_nano.a(lib_a-init.o)
                0x0000000008006350                __libc_init_array
 .text.malloc   0x0000000008006398       0x10 c:/st/stm32cubeide_1.1.0/stm32cubeide/plugins/com.st.stm32cube.ide.mcu.externaltools.gnu-tools-for-stm32.7-2018-q2-update.win32_1.0.0.201904181610/tools/bin/../lib/gcc/arm-none-eabi/7.3.1/../../../../arm-none-eabi/lib/thumb/v7e-m/fpv4-sp/hard\libc_nano.a(lib_a-malloc.o)
                0x0000000008006398                malloc
 .text.free     0x00000000080063a8       0x10 c:/st/stm32cubeide_1.1.0/stm32cubeide/plugins/com.st.stm32cube.ide.mcu.externaltools.gnu-tools-for-stm32.7-2018-q2-update.win32_1.0.0.201904181610/tools/bin/../lib/gcc/arm-none-eabi/7.3.1/../../../../arm-none-eabi/lib/thumb/v7e-m/fpv4-sp/hard\libc_nano.a(lib_a-malloc.o)
                0x00000000080063a8                free
 .text.memset   0x00000000080063b8       0x10 c:/st/stm32cubeide_1.1.0/stm32cubeide/plugins/com.st.stm32cube.ide.mcu.externaltools.gnu-tools-for-stm32.7-2018-q2-update.win32_1.0.0.201904181610/tools/bin/../lib/gcc/arm-none-eabi/7.3.1/../../../../arm-none-eabi/lib/thumb/v7e-m/fpv4-sp/hard\libc_nano.a(lib_a-memset.o)
                0x00000000080063b8                memset
 .text._free_r  0x00000000080063c8       0x9c c:/st/stm32cubeide_1.1.0/stm32cubeide/plugins/com.st.stm32cube.ide.mcu.externaltools.gnu-tools-for-stm32.7-2018-q2-update.win32_1.0.0.201904181610/tools/bin/../lib/gcc/arm-none-eabi/7.3.1/../../../../arm-none-eabi/lib/thumb/v7e-m/fpv4-sp/hard\libc_nano.a(lib_a-nano-freer.o)
                0x00000000080063c8                _free_r
 .text._malloc_r
                0x0000000008006464       0xb4 c:/st/stm32cubeide_1.1.0/stm32cubeide/plugins/com.st.stm32cube.ide.mcu.externaltools.gnu-tools-for-stm32.7-2018-q2-update.win32_1.0.0.201904181610/tools/bin/../lib/gcc/arm-none-eabi/7.3.1/../../../../arm-none-eabi/lib/thumb/v7e-m/fpv4-sp/hard\libc_nano.a(lib_a-nano-mallocr.o)
                0x0000000008006464                _malloc_r
 .text._sbrk_r  0x0000000008006518       0x20 c:/st/stm32cubeide_1.1.0/stm32cubeide/plugins/com.st.stm32cube.ide.mcu.externaltools.gnu-tools-for-stm32.7-2018-q2-update.win32_1.0.0.201904181610/tools/bin/../lib/gcc/arm-none-eabi/7.3.1/../../../../arm-none-eabi/lib/thumb/v7e-m/fpv4-sp/hard\libc_nano.a(lib_a-sbrkr.o)
                0x0000000008006518                _sbrk_r
 .text.__malloc_lock
                0x0000000008006538        0x2 c:/st/stm32cubeide_1.1.0/stm32cubeide/plugins/com.st.stm32cube.ide.mcu.externaltools.gnu-tools-for-stm32.7-2018-q2-update.win32_1.0.0.201904181610/tools/bin/../lib/gcc/arm-none-eabi/7.3.1/../../../../arm-none-eabi/lib/thumb/v7e-m/fpv4-sp/hard\libc_nano.a(lib_a-mlock.o)
                0x0000000008006538                __malloc_lock
 .text.__malloc_unlock
                0x000000000800653a        0x2 c:/st/stm32cubeide_1.1.0/stm32cubeide/plugins/com.st.stm32cube.ide.mcu.externaltools.gnu-tools-for-stm32.7-2018-q2-update.win32_1.0.0.201904181610/tools/bin/../lib/gcc/arm-none-eabi/7.3.1/../../../../arm-none-eabi/lib/thumb/v7e-m/fpv4-sp/hard\libc_nano.a(lib_a-mlock.o)
                0x000000000800653a                __malloc_unlock
 *(.glue_7)
 .glue_7        0x000000000800653c        0x0 linker stubs
 *(.glue_7t)
 .glue_7t       0x000000000800653c        0x0 linker stubs
 *(.eh_frame)
 .eh_frame      0x000000000800653c        0x0 c:/st/stm32cubeide_1.1.0/stm32cubeide/plugins/com.st.stm32cube.ide.mcu.externaltools.gnu-tools-for-stm32.7-2018-q2-update.win32_1.0.0.201904181610/tools/bin/../lib/gcc/arm-none-eabi/7.3.1/thumb/v7e-m/fpv4-sp/hard/crtbegin.o
 *(.init)
 .init          0x000000000800653c        0x4 c:/st/stm32cubeide_1.1.0/stm32cubeide/plugins/com.st.stm32cube.ide.mcu.externaltools.gnu-tools-for-stm32.7-2018-q2-update.win32_1.0.0.201904181610/tools/bin/../lib/gcc/arm-none-eabi/7.3.1/thumb/v7e-m/fpv4-sp/hard/crti.o
                0x000000000800653c                _init
 .init          0x0000000008006540        0x8 c:/st/stm32cubeide_1.1.0/stm32cubeide/plugins/com.st.stm32cube.ide.mcu.externaltools.gnu-tools-for-stm32.7-2018-q2-update.win32_1.0.0.201904181610/tools/bin/../lib/gcc/arm-none-eabi/7.3.1/thumb/v7e-m/fpv4-sp/hard/crtn.o
 *(.fini)
 .fini          0x0000000008006548        0x4 c:/st/stm32cubeide_1.1.0/stm32cubeide/plugins/com.st.stm32cube.ide.mcu.externaltools.gnu-tools-for-stm32.7-2018-q2-update.win32_1.0.0.201904181610/tools/bin/../lib/gcc/arm-none-eabi/7.3.1/thumb/v7e-m/fpv4-sp/hard/crti.o
                0x0000000008006548                _fini
 .fini          0x000000000800654c        0x8 c:/st/stm32cubeide_1.1.0/stm32cubeide/plugins/com.st.stm32cube.ide.mcu.externaltools.gnu-tools-for-stm32.7-2018-q2-update.win32_1.0.0.201904181610/tools/bin/../lib/gcc/arm-none-eabi/7.3.1/thumb/v7e-m/fpv4-sp/hard/crtn.o
                0x0000000008006554                . = ALIGN (0x4)
                0x0000000008006554                _etext = .

.vfp11_veneer   0x0000000008006554        0x0
 .vfp11_veneer  0x0000000008006554        0x0 linker stubs

.v4_bx          0x0000000008006554        0x0
 .v4_bx         0x0000000008006554        0x0 linker stubs

.iplt           0x0000000008006554        0x0
 .iplt          0x0000000008006554        0x0 c:/st/stm32cubeide_1.1.0/stm32cubeide/plugins/com.st.stm32cube.ide.mcu.externaltools.gnu-tools-for-stm32.7-2018-q2-update.win32_1.0.0.201904181610/tools/bin/../lib/gcc/arm-none-eabi/7.3.1/thumb/v7e-m/fpv4-sp/hard/crtbegin.o

.rodata         0x0000000008006554      0x1e0
                0x0000000008006554                . = ALIGN (0x4)
 *(.rodata)
 .rodata        0x0000000008006554        0x8 Core/Src/main.o
 .rodata        0x000000000800655c        0x5 Drivers/BSP/Adafruit_Shield/stm32_adafruit_sd.o
 *fill*         0x0000000008006561        0x3 
 .rodata        0x0000000008006564       0x2c Drivers/STM32WBxx_HAL_Driver/stm32wbxx_hal_rcc.o
 .rodata        0x0000000008006590       0x43 FATFS/App/app_fatfs.o
 *fill*         0x00000000080065d3        0x1 
 .rodata        0x00000000080065d4       0x44 Middlewares/FatFs/ff.o
 *(.rodata*)
 .rodata.AHBPrescTable
                0x0000000008006618       0x40 Core/Src/system_stm32wbxx.o
                0x0000000008006618                AHBPrescTable
 .rodata.MSIRangeTable
                0x0000000008006658       0x40 Core/Src/system_stm32wbxx.o
                0x0000000008006658                MSIRangeTable
 .rodata.GPIO_PIN
                0x0000000008006698        0x6 Drivers/BSP/P-NUCLEO-WB55.Nucleo/stm32wbxx_nucleo.o
                0x0000000008006698                GPIO_PIN
 *fill*         0x000000000800669e        0x2 
 .rodata.SD_Driver
                0x00000000080066a0       0x14 FATFS/Target/sd_diskio.o
                0x00000000080066a0                SD_Driver
 .rodata.ExCvt  0x00000000080066b4       0x80 Middlewares/FatFs/ff.o
                0x0000000008006734                . = ALIGN (0x4)

.rel.dyn        0x0000000008006734        0x0
 .rel.iplt      0x0000000008006734        0x0 c:/st/stm32cubeide_1.1.0/stm32cubeide/plugins/com.st.stm32cube.ide.mcu.externaltools.gnu-tools-for-stm32.7-2018-q2-update.win32_1.0.0.201904181610/tools/bin/../lib/gcc/arm-none-eabi/7.3.1/thumb/v7e-m/fpv4-sp/hard/crtbegin.o

.ARM.extab
 *(.ARM.extab* .gnu.linkonce.armextab.*)

.ARM            0x0000000008006734        0x0
                0x0000000008006734                __exidx_start = .
 *(.ARM.exidx*)
                0x0000000008006734                __exidx_end = .

.preinit_array  0x0000000008006734        0x0
                0x0000000008006734                PROVIDE (__preinit_array_start = .)
 *(.preinit_array*)
                0x0000000008006734                PROVIDE (__preinit_array_end = .)

.init_array     0x0000000008006734        0x4
                0x0000000008006734                PROVIDE (__init_array_start = .)
 *(SORT_BY_NAME(.init_array.*))
 *(.init_array*)
 .init_array    0x0000000008006734        0x4 c:/st/stm32cubeide_1.1.0/stm32cubeide/plugins/com.st.stm32cube.ide.mcu.externaltools.gnu-tools-for-stm32.7-2018-q2-update.win32_1.0.0.201904181610/tools/bin/../lib/gcc/arm-none-eabi/7.3.1/thumb/v7e-m/fpv4-sp/hard/crtbegin.o
                0x0000000008006738                PROVIDE (__init_array_end = .)

.fini_array     0x0000000008006738        0x4
                [!provide]                        PROVIDE (__fini_array_start = .)
 *(SORT_BY_NAME(.fini_array.*))
 *(.fini_array*)
 .fini_array    0x0000000008006738        0x4 c:/st/stm32cubeide_1.1.0/stm32cubeide/plugins/com.st.stm32cube.ide.mcu.externaltools.gnu-tools-for-stm32.7-2018-q2-update.win32_1.0.0.201904181610/tools/bin/../lib/gcc/arm-none-eabi/7.3.1/thumb/v7e-m/fpv4-sp/hard/crtbegin.o
                [!provide]                        PROVIDE (__fini_array_end = .)
                0x000000000800673c                _sidata = LOADADDR (.data)

.data           0x0000000020000004       0x84 load address 0x000000000800673c
                0x0000000020000004                . = ALIGN (0x4)
                0x0000000020000004                _sdata = .
 *(.data)
 *(.data*)
 .data.SystemCoreClock
                0x0000000020000004        0x4 Core/Src/system_stm32wbxx.o
                0x0000000020000004                SystemCoreClock
 .data.GPIO_PORT
                0x0000000020000008        0xc Drivers/BSP/P-NUCLEO-WB55.Nucleo/stm32wbxx_nucleo.o
                0x0000000020000008                GPIO_PORT
 .data.hnucleo_SpixTimeout
                0x0000000020000014        0x4 Drivers/BSP/P-NUCLEO-WB55.Nucleo/stm32wbxx_nucleo.o
                0x0000000020000014                hnucleo_SpixTimeout
 .data.uwTickPrio
                0x0000000020000018        0x4 Drivers/STM32WBxx_HAL_Driver/stm32wbxx_hal.o
                0x0000000020000018                uwTickPrio
 .data.uwTickFreq
                0x000000002000001c        0x4 Drivers/STM32WBxx_HAL_Driver/stm32wbxx_hal.o
                0x000000002000001c                uwTickFreq
 .data.Stat     0x0000000020000020        0x1 FATFS/Target/sd_diskio.o
 *fill*         0x0000000020000021        0x3 
 .data._impure_ptr
                0x0000000020000024        0x4 c:/st/stm32cubeide_1.1.0/stm32cubeide/plugins/com.st.stm32cube.ide.mcu.externaltools.gnu-tools-for-stm32.7-2018-q2-update.win32_1.0.0.201904181610/tools/bin/../lib/gcc/arm-none-eabi/7.3.1/../../../../arm-none-eabi/lib/thumb/v7e-m/fpv4-sp/hard\libc_nano.a(lib_a-impure.o)
                0x0000000020000024                _impure_ptr
 .data.impure_data
                0x0000000020000028       0x60 c:/st/stm32cubeide_1.1.0/stm32cubeide/plugins/com.st.stm32cube.ide.mcu.externaltools.gnu-tools-for-stm32.7-2018-q2-update.win32_1.0.0.201904181610/tools/bin/../lib/gcc/arm-none-eabi/7.3.1/../../../../arm-none-eabi/lib/thumb/v7e-m/fpv4-sp/hard\libc_nano.a(lib_a-impure.o)
                0x0000000020000088                . = ALIGN (0x4)
                0x0000000020000088                _edata = .

.igot.plt       0x0000000020000088        0x0 load address 0x00000000080067c0
 .igot.plt      0x0000000020000088        0x0 c:/st/stm32cubeide_1.1.0/stm32cubeide/plugins/com.st.stm32cube.ide.mcu.externaltools.gnu-tools-for-stm32.7-2018-q2-update.win32_1.0.0.201904181610/tools/bin/../lib/gcc/arm-none-eabi/7.3.1/thumb/v7e-m/fpv4-sp/hard/crtbegin.o
                0x0000000020000088                . = ALIGN (0x4)

.bss            0x0000000020000088     0x313c load address 0x00000000080067c0
                0x0000000020000088                _sbss = .
                0x0000000020000088                __bss_start__ = _sbss
 *(.bss)
 .bss           0x0000000020000088       0x1c c:/st/stm32cubeide_1.1.0/stm32cubeide/plugins/com.st.stm32cube.ide.mcu.externaltools.gnu-tools-for-stm32.7-2018-q2-update.win32_1.0.0.201904181610/tools/bin/../lib/gcc/arm-none-eabi/7.3.1/thumb/v7e-m/fpv4-sp/hard/crtbegin.o
 *(.bss*)
 .bss.heap_end.6424
                0x00000000200000a4        0x4 Application/User/sysmem.o
 .bss.ProcessStatus
                0x00000000200000a8        0x4 Core/Src/main.o
                0x00000000200000a8                ProcessStatus
 .bss.SdStatus  0x00000000200000ac        0x1 Drivers/BSP/Adafruit_Shield/stm32_adafruit_sd.o
                0x00000000200000ac                SdStatus
 *fill*         0x00000000200000ad        0x1 
 .bss.flag_SDHC
                0x00000000200000ae        0x2 Drivers/BSP/Adafruit_Shield/stm32_adafruit_sd.o
                0x00000000200000ae                flag_SDHC
 .bss.hnucleo_Spi
                0x00000000200000b0       0x64 Drivers/BSP/P-NUCLEO-WB55.Nucleo/stm32wbxx_nucleo.o
 .bss.Appli_state
                0x0000000020000114        0x1 FATFS/App/app_fatfs.o
                0x0000000020000114                Appli_state
 *fill*         0x0000000020000115        0x3 
 .bss.FatFs     0x0000000020000118        0x4 Middlewares/FatFs/ff.o
 .bss.Fsid      0x000000002000011c        0x2 Middlewares/FatFs/ff.o
 *fill*         0x000000002000011e        0x2 
 .bss.Files     0x0000000020000120       0x20 Middlewares/FatFs/ff.o
 .bss.disk      0x0000000020000140        0xc Middlewares/FatFs/ff_gen_drv.o
                0x0000000020000140                disk
 .bss.__malloc_free_list
                0x000000002000014c        0x4 c:/st/stm32cubeide_1.1.0/stm32cubeide/plugins/com.st.stm32cube.ide.mcu.externaltools.gnu-tools-for-stm32.7-2018-q2-update.win32_1.0.0.201904181610/tools/bin/../lib/gcc/arm-none-eabi/7.3.1/../../../../arm-none-eabi/lib/thumb/v7e-m/fpv4-sp/hard\libc_nano.a(lib_a-nano-mallocr.o)
                0x000000002000014c                __malloc_free_list
 .bss.__malloc_sbrk_start
                0x0000000020000150        0x4 c:/st/stm32cubeide_1.1.0/stm32cubeide/plugins/com.st.stm32cube.ide.mcu.externaltools.gnu-tools-for-stm32.7-2018-q2-update.win32_1.0.0.201904181610/tools/bin/../lib/gcc/arm-none-eabi/7.3.1/../../../../arm-none-eabi/lib/thumb/v7e-m/fpv4-sp/hard\libc_nano.a(lib_a-nano-mallocr.o)
                0x0000000020000150                __malloc_sbrk_start
 *(COMMON)
 COMMON         0x0000000020000154        0x4 Drivers/STM32WBxx_HAL_Driver/stm32wbxx_hal.o
                0x0000000020000154                uwTick
 COMMON         0x0000000020000158     0x3068 FATFS/App/app_fatfs.o
                0x0000000020000158                workBuffer
                0x0000000020001158                SDPath
                0x000000002000115c                SDFatFs
                0x0000000020002190                SDFile
 COMMON         0x00000000200031c0        0x4 c:/st/stm32cubeide_1.1.0/stm32cubeide/plugins/com.st.stm32cube.ide.mcu.externaltools.gnu-tools-for-stm32.7-2018-q2-update.win32_1.0.0.201904181610/tools/bin/../lib/gcc/arm-none-eabi/7.3.1/../../../../arm-none-eabi/lib/thumb/v7e-m/fpv4-sp/hard\libc_nano.a(lib_a-reent.o)
                0x00000000200031c0                errno
                0x00000000200031c4                . = ALIGN (0x4)
                0x00000000200031c4                _ebss = .
                0x00000000200031c4                __bss_end__ = _ebss

._user_heap_stack
                0x00000000200031c4      0x804 load address 0x00000000080067c0
                0x00000000200031c8                . = ALIGN (0x8)
 *fill*         0x00000000200031c4        0x4 
                0x00000000200031c8                PROVIDE (end = .)
                [!provide]                        PROVIDE (_end = .)
                0x00000000200035c8                . = (. + _Min_Heap_Size)
 *fill*         0x00000000200031c8      0x400 
                0x00000000200039c8                . = (. + _Min_Stack_Size)
 *fill*         0x00000000200035c8      0x400 
                0x00000000200039c8                . = ALIGN (0x8)

/DISCARD/
 libc.a(*)
 libm.a(*)
 libgcc.a(*)

.ARM.attributes
                0x0000000000000000       0x30
 *(.ARM.attributes)
 .ARM.attributes
                0x0000000000000000       0x22 c:/st/stm32cubeide_1.1.0/stm32cubeide/plugins/com.st.stm32cube.ide.mcu.externaltools.gnu-tools-for-stm32.7-2018-q2-update.win32_1.0.0.201904181610/tools/bin/../lib/gcc/arm-none-eabi/7.3.1/thumb/v7e-m/fpv4-sp/hard/crti.o
 .ARM.attributes
                0x0000000000000022       0x34 c:/st/stm32cubeide_1.1.0/stm32cubeide/plugins/com.st.stm32cube.ide.mcu.externaltools.gnu-tools-for-stm32.7-2018-q2-update.win32_1.0.0.201904181610/tools/bin/../lib/gcc/arm-none-eabi/7.3.1/thumb/v7e-m/fpv4-sp/hard/crtbegin.o
 .ARM.attributes
                0x0000000000000056       0x21 Application/Startup/startup_stm32wb55rgvx.o
 .ARM.attributes
                0x0000000000000077       0x39 Application/User/sysmem.o
 .ARM.attributes
                0x00000000000000b0       0x39 Core/Src/main.o
 .ARM.attributes
                0x00000000000000e9       0x39 Core/Src/stm32wbxx_hal_msp.o
 .ARM.attributes
                0x0000000000000122       0x39 Core/Src/stm32wbxx_it.o
 .ARM.attributes
                0x000000000000015b       0x39 Core/Src/system_stm32wbxx.o
 .ARM.attributes
                0x0000000000000194       0x39 Drivers/BSP/Adafruit_Shield/stm32_adafruit_sd.o
 .ARM.attributes
                0x00000000000001cd       0x39 Drivers/BSP/P-NUCLEO-WB55.Nucleo/stm32wbxx_nucleo.o
 .ARM.attributes
                0x0000000000000206       0x39 Drivers/STM32WBxx_HAL_Driver/stm32wbxx_hal.o
 .ARM.attributes
                0x000000000000023f       0x39 Drivers/STM32WBxx_HAL_Driver/stm32wbxx_hal_cortex.o
 .ARM.attributes
                0x0000000000000278       0x39 Drivers/STM32WBxx_HAL_Driver/stm32wbxx_hal_gpio.o
 .ARM.attributes
                0x00000000000002b1       0x39 Drivers/STM32WBxx_HAL_Driver/stm32wbxx_hal_pwr.o
 .ARM.attributes
                0x00000000000002ea       0x39 Drivers/STM32WBxx_HAL_Driver/stm32wbxx_hal_pwr_ex.o
 .ARM.attributes
                0x0000000000000323       0x39 Drivers/STM32WBxx_HAL_Driver/stm32wbxx_hal_rcc.o
 .ARM.attributes
                0x000000000000035c       0x39 Drivers/STM32WBxx_HAL_Driver/stm32wbxx_hal_spi.o
 .ARM.attributes
                0x0000000000000395       0x39 FATFS/App/app_fatfs.o
 .ARM.attributes
                0x00000000000003ce       0x39 FATFS/Target/sd_diskio.o
 .ARM.attributes
                0x0000000000000407       0x39 Middlewares/FatFs/diskio.o
 .ARM.attributes
                0x0000000000000440       0x39 Middlewares/FatFs/ff.o
 .ARM.attributes
                0x0000000000000479       0x39 Middlewares/FatFs/ff_gen_drv.o
 .ARM.attributes
                0x00000000000004b2       0x34 c:/st/stm32cubeide_1.1.0/stm32cubeide/plugins/com.st.stm32cube.ide.mcu.externaltools.gnu-tools-for-stm32.7-2018-q2-update.win32_1.0.0.201904181610/tools/bin/../lib/gcc/arm-none-eabi/7.3.1/../../../../arm-none-eabi/lib/thumb/v7e-m/fpv4-sp/hard\libc_nano.a(lib_a-errno.o)
 .ARM.attributes
                0x00000000000004e6       0x34 c:/st/stm32cubeide_1.1.0/stm32cubeide/plugins/com.st.stm32cube.ide.mcu.externaltools.gnu-tools-for-stm32.7-2018-q2-update.win32_1.0.0.201904181610/tools/bin/../lib/gcc/arm-none-eabi/7.3.1/../../../../arm-none-eabi/lib/thumb/v7e-m/fpv4-sp/hard\libc_nano.a(lib_a-impure.o)
 .ARM.attributes
                0x000000000000051a       0x34 c:/st/stm32cubeide_1.1.0/stm32cubeide/plugins/com.st.stm32cube.ide.mcu.externaltools.gnu-tools-for-stm32.7-2018-q2-update.win32_1.0.0.201904181610/tools/bin/../lib/gcc/arm-none-eabi/7.3.1/../../../../arm-none-eabi/lib/thumb/v7e-m/fpv4-sp/hard\libc_nano.a(lib_a-init.o)
 .ARM.attributes
                0x000000000000054e       0x34 c:/st/stm32cubeide_1.1.0/stm32cubeide/plugins/com.st.stm32cube.ide.mcu.externaltools.gnu-tools-for-stm32.7-2018-q2-update.win32_1.0.0.201904181610/tools/bin/../lib/gcc/arm-none-eabi/7.3.1/../../../../arm-none-eabi/lib/thumb/v7e-m/fpv4-sp/hard\libc_nano.a(lib_a-malloc.o)
 .ARM.attributes
                0x0000000000000582       0x34 c:/st/stm32cubeide_1.1.0/stm32cubeide/plugins/com.st.stm32cube.ide.mcu.externaltools.gnu-tools-for-stm32.7-2018-q2-update.win32_1.0.0.201904181610/tools/bin/../lib/gcc/arm-none-eabi/7.3.1/../../../../arm-none-eabi/lib/thumb/v7e-m/fpv4-sp/hard\libc_nano.a(lib_a-memset.o)
 .ARM.attributes
                0x00000000000005b6       0x34 c:/st/stm32cubeide_1.1.0/stm32cubeide/plugins/com.st.stm32cube.ide.mcu.externaltools.gnu-tools-for-stm32.7-2018-q2-update.win32_1.0.0.201904181610/tools/bin/../lib/gcc/arm-none-eabi/7.3.1/../../../../arm-none-eabi/lib/thumb/v7e-m/fpv4-sp/hard\libc_nano.a(lib_a-nano-freer.o)
 .ARM.attributes
                0x00000000000005ea       0x34 c:/st/stm32cubeide_1.1.0/stm32cubeide/plugins/com.st.stm32cube.ide.mcu.externaltools.gnu-tools-for-stm32.7-2018-q2-update.win32_1.0.0.201904181610/tools/bin/../lib/gcc/arm-none-eabi/7.3.1/../../../../arm-none-eabi/lib/thumb/v7e-m/fpv4-sp/hard\libc_nano.a(lib_a-nano-mallocr.o)
 .ARM.attributes
                0x000000000000061e       0x34 c:/st/stm32cubeide_1.1.0/stm32cubeide/plugins/com.st.stm32cube.ide.mcu.externaltools.gnu-tools-for-stm32.7-2018-q2-update.win32_1.0.0.201904181610/tools/bin/../lib/gcc/arm-none-eabi/7.3.1/../../../../arm-none-eabi/lib/thumb/v7e-m/fpv4-sp/hard\libc_nano.a(lib_a-sbrkr.o)
 .ARM.attributes
                0x0000000000000652       0x34 c:/st/stm32cubeide_1.1.0/stm32cubeide/plugins/com.st.stm32cube.ide.mcu.externaltools.gnu-tools-for-stm32.7-2018-q2-update.win32_1.0.0.201904181610/tools/bin/../lib/gcc/arm-none-eabi/7.3.1/../../../../arm-none-eabi/lib/thumb/v7e-m/fpv4-sp/hard\libc_nano.a(lib_a-mlock.o)
 .ARM.attributes
                0x0000000000000686       0x34 c:/st/stm32cubeide_1.1.0/stm32cubeide/plugins/com.st.stm32cube.ide.mcu.externaltools.gnu-tools-for-stm32.7-2018-q2-update.win32_1.0.0.201904181610/tools/bin/../lib/gcc/arm-none-eabi/7.3.1/../../../../arm-none-eabi/lib/thumb/v7e-m/fpv4-sp/hard\libc_nano.a(lib_a-reent.o)
 .ARM.attributes
                0x00000000000006ba       0x22 c:/st/stm32cubeide_1.1.0/stm32cubeide/plugins/com.st.stm32cube.ide.mcu.externaltools.gnu-tools-for-stm32.7-2018-q2-update.win32_1.0.0.201904181610/tools/bin/../lib/gcc/arm-none-eabi/7.3.1/thumb/v7e-m/fpv4-sp/hard/crtn.o

MAPPING_TABLE
 *(MAPPING_TABLE)

MB_MEM1
 *(MB_MEM1)

MB_MEM2         0x0000000020030000        0x0
                0x0000000020030000                _sMB_MEM2 = .
 *(MB_MEM2)
                0x0000000020030000                _eMB_MEM2 = .
OUTPUT(FatFs_uSD_Standalone.elf elf32-littlearm)

.debug_line     0x0000000000000000     0xf472
 .debug_line    0x0000000000000000       0x98 Application/Startup/startup_stm32wb55rgvx.o
 .debug_line    0x0000000000000098      0x566 Application/User/sysmem.o
 .debug_line    0x00000000000005fe      0xc6e Core/Src/main.o
 .debug_line    0x000000000000126c      0x934 Core/Src/stm32wbxx_hal_msp.o
 .debug_line    0x0000000000001ba0      0x9d8 Core/Src/stm32wbxx_it.o
 .debug_line    0x0000000000002578      0x8a9 Core/Src/system_stm32wbxx.o
 .debug_line    0x0000000000002e21      0x972 Drivers/BSP/Adafruit_Shield/stm32_adafruit_sd.o
 .debug_line    0x0000000000003793      0xb64 Drivers/BSP/P-NUCLEO-WB55.Nucleo/stm32wbxx_nucleo.o
 .debug_line    0x00000000000042f7      0xeec Drivers/STM32WBxx_HAL_Driver/stm32wbxx_hal.o
 .debug_line    0x00000000000051e3      0xbb9 Drivers/STM32WBxx_HAL_Driver/stm32wbxx_hal_cortex.o
 .debug_line    0x0000000000005d9c      0xa48 Drivers/STM32WBxx_HAL_Driver/stm32wbxx_hal_gpio.o
 .debug_line    0x00000000000067e4      0xaa6 Drivers/STM32WBxx_HAL_Driver/stm32wbxx_hal_pwr.o
 .debug_line    0x000000000000728a      0xf8e Drivers/STM32WBxx_HAL_Driver/stm32wbxx_hal_pwr_ex.o
 .debug_line    0x0000000000008218     0x11e6 Drivers/STM32WBxx_HAL_Driver/stm32wbxx_hal_rcc.o
 .debug_line    0x00000000000093fe     0x1335 Drivers/STM32WBxx_HAL_Driver/stm32wbxx_hal_spi.o
 .debug_line    0x000000000000a733      0xc09 FATFS/App/app_fatfs.o
 .debug_line    0x000000000000b33c      0xc27 FATFS/Target/sd_diskio.o
 .debug_line    0x000000000000bf63      0xbd2 Middlewares/FatFs/diskio.o
 .debug_line    0x000000000000cb35     0x1d6b Middlewares/FatFs/ff.o
 .debug_line    0x000000000000e8a0      0xbd2 Middlewares/FatFs/ff_gen_drv.o

.debug_info     0x0000000000000000    0x1201c
 .debug_info    0x0000000000000000       0x22 Application/Startup/startup_stm32wb55rgvx.o
 .debug_info    0x0000000000000022      0x91c Application/User/sysmem.o
 .debug_info    0x000000000000093e     0x10f0 Core/Src/main.o
 .debug_info    0x0000000000001a2e      0x1fc Core/Src/stm32wbxx_hal_msp.o
 .debug_info    0x0000000000001c2a      0x284 Core/Src/stm32wbxx_it.o
 .debug_info    0x0000000000001eae      0x7b4 Core/Src/system_stm32wbxx.o
 .debug_info    0x0000000000002662     0x129b Drivers/BSP/Adafruit_Shield/stm32_adafruit_sd.o
 .debug_info    0x00000000000038fd     0x13c2 Drivers/BSP/P-NUCLEO-WB55.Nucleo/stm32wbxx_nucleo.o
 .debug_info    0x0000000000004cbf     0x12f3 Drivers/STM32WBxx_HAL_Driver/stm32wbxx_hal.o
 .debug_info    0x0000000000005fb2      0xde3 Drivers/STM32WBxx_HAL_Driver/stm32wbxx_hal_cortex.o
 .debug_info    0x0000000000006d95      0x7d5 Drivers/STM32WBxx_HAL_Driver/stm32wbxx_hal_gpio.o
 .debug_info    0x000000000000756a      0x9db Drivers/STM32WBxx_HAL_Driver/stm32wbxx_hal_pwr.o
 .debug_info    0x0000000000007f45     0x112d Drivers/STM32WBxx_HAL_Driver/stm32wbxx_hal_pwr_ex.o
 .debug_info    0x0000000000009072     0x1548 Drivers/STM32WBxx_HAL_Driver/stm32wbxx_hal_rcc.o
 .debug_info    0x000000000000a5ba     0x1797 Drivers/STM32WBxx_HAL_Driver/stm32wbxx_hal_spi.o
 .debug_info    0x000000000000bd51      0xfd8 FATFS/App/app_fatfs.o
 .debug_info    0x000000000000cd29     0x1105 FATFS/Target/sd_diskio.o
 .debug_info    0x000000000000de2e      0xd6c Middlewares/FatFs/diskio.o
 .debug_info    0x000000000000eb9a     0x277e Middlewares/FatFs/ff.o
 .debug_info    0x0000000000011318      0xd04 Middlewares/FatFs/ff_gen_drv.o

.debug_abbrev   0x0000000000000000     0x280c
 .debug_abbrev  0x0000000000000000       0x12 Application/Startup/startup_stm32wb55rgvx.o
 .debug_abbrev  0x0000000000000012      0x1bb Application/User/sysmem.o
 .debug_abbrev  0x00000000000001cd      0x231 Core/Src/main.o
 .debug_abbrev  0x00000000000003fe       0xca Core/Src/stm32wbxx_hal_msp.o
 .debug_abbrev  0x00000000000004c8       0xe2 Core/Src/stm32wbxx_it.o
 .debug_abbrev  0x00000000000005aa      0x163 Core/Src/system_stm32wbxx.o
 .debug_abbrev  0x000000000000070d      0x26d Drivers/BSP/Adafruit_Shield/stm32_adafruit_sd.o
 .debug_abbrev  0x000000000000097a      0x296 Drivers/BSP/P-NUCLEO-WB55.Nucleo/stm32wbxx_nucleo.o
 .debug_abbrev  0x0000000000000c10      0x2df Drivers/STM32WBxx_HAL_Driver/stm32wbxx_hal.o
 .debug_abbrev  0x0000000000000eef      0x2f1 Drivers/STM32WBxx_HAL_Driver/stm32wbxx_hal_cortex.o
 .debug_abbrev  0x00000000000011e0      0x1d3 Drivers/STM32WBxx_HAL_Driver/stm32wbxx_hal_gpio.o
 .debug_abbrev  0x00000000000013b3      0x1b9 Drivers/STM32WBxx_HAL_Driver/stm32wbxx_hal_pwr.o
 .debug_abbrev  0x000000000000156c      0x2d6 Drivers/STM32WBxx_HAL_Driver/stm32wbxx_hal_pwr_ex.o
 .debug_abbrev  0x0000000000001842      0x24a Drivers/STM32WBxx_HAL_Driver/stm32wbxx_hal_rcc.o
 .debug_abbrev  0x0000000000001a8c      0x228 Drivers/STM32WBxx_HAL_Driver/stm32wbxx_hal_spi.o
 .debug_abbrev  0x0000000000001cb4      0x246 FATFS/App/app_fatfs.o
 .debug_abbrev  0x0000000000001efa      0x240 FATFS/Target/sd_diskio.o
 .debug_abbrev  0x000000000000213a      0x209 Middlewares/FatFs/diskio.o
 .debug_abbrev  0x0000000000002343      0x293 Middlewares/FatFs/ff.o
 .debug_abbrev  0x00000000000025d6      0x236 Middlewares/FatFs/ff_gen_drv.o

.debug_aranges  0x0000000000000000     0x1100
 .debug_aranges
                0x0000000000000000       0x30 Application/Startup/startup_stm32wb55rgvx.o
 .debug_aranges
                0x0000000000000030       0x20 Application/User/sysmem.o
 .debug_aranges
                0x0000000000000050       0x30 Core/Src/main.o
 .debug_aranges
                0x0000000000000080       0x20 Core/Src/stm32wbxx_hal_msp.o
 .debug_aranges
                0x00000000000000a0       0x60 Core/Src/stm32wbxx_it.o
 .debug_aranges
                0x0000000000000100       0x28 Core/Src/system_stm32wbxx.o
 .debug_aranges
                0x0000000000000128       0x80 Drivers/BSP/Adafruit_Shield/stm32_adafruit_sd.o
 .debug_aranges
                0x00000000000001a8       0xd8 Drivers/BSP/P-NUCLEO-WB55.Nucleo/stm32wbxx_nucleo.o
 .debug_aranges
                0x0000000000000280      0x280 Drivers/STM32WBxx_HAL_Driver/stm32wbxx_hal.o
 .debug_aranges
                0x0000000000000500      0x108 Drivers/STM32WBxx_HAL_Driver/stm32wbxx_hal_cortex.o
 .debug_aranges
                0x0000000000000608       0x58 Drivers/STM32WBxx_HAL_Driver/stm32wbxx_hal_gpio.o
 .debug_aranges
                0x0000000000000660       0xd0 Drivers/STM32WBxx_HAL_Driver/stm32wbxx_hal_pwr.o
 .debug_aranges
                0x0000000000000730      0x288 Drivers/STM32WBxx_HAL_Driver/stm32wbxx_hal_pwr_ex.o
 .debug_aranges
                0x00000000000009b8      0x298 Drivers/STM32WBxx_HAL_Driver/stm32wbxx_hal_rcc.o
 .debug_aranges
                0x0000000000000c50      0x1d8 Drivers/STM32WBxx_HAL_Driver/stm32wbxx_hal_spi.o
 .debug_aranges
                0x0000000000000e28       0x38 FATFS/App/app_fatfs.o
 .debug_aranges
                0x0000000000000e60       0x48 FATFS/Target/sd_diskio.o
 .debug_aranges
                0x0000000000000ea8       0x48 Middlewares/FatFs/diskio.o
 .debug_aranges
                0x0000000000000ef0      0x1d0 Middlewares/FatFs/ff.o
 .debug_aranges
                0x00000000000010c0       0x40 Middlewares/FatFs/ff_gen_drv.o

.debug_str      0x0000000000000000    0xd3ebe
 .debug_str     0x0000000000000000       0xad Application/Startup/startup_stm32wb55rgvx.o
 .debug_str     0x00000000000000ad     0x78eb Application/User/sysmem.o
                                       0x7b43 (size before relaxing)
 .debug_str     0x0000000000007998    0xc67c5 Core/Src/main.o
                                      0xcd563 (size before relaxing)
 .debug_str     0x00000000000ce15d       0x2c Core/Src/stm32wbxx_hal_msp.o
                                      0xc9a45 (size before relaxing)
 .debug_str     0x00000000000ce189       0xbd Core/Src/stm32wbxx_it.o
                                      0xc9ad6 (size before relaxing)
 .debug_str     0x00000000000ce246      0x297 Core/Src/system_stm32wbxx.o
                                      0xc8e6a (size before relaxing)
 .debug_str     0x00000000000ce4dd      0xac8 Drivers/BSP/Adafruit_Shield/stm32_adafruit_sd.o
                                       0x8d49 (size before relaxing)
 .debug_str     0x00000000000cefa5      0xd32 Drivers/BSP/P-NUCLEO-WB55.Nucleo/stm32wbxx_nucleo.o
                                      0xca9d0 (size before relaxing)
 .debug_str     0x00000000000cfcd7      0x9a8 Drivers/STM32WBxx_HAL_Driver/stm32wbxx_hal.o
                                      0xc9c9b (size before relaxing)
 .debug_str     0x00000000000d067f      0x3ac Drivers/STM32WBxx_HAL_Driver/stm32wbxx_hal_cortex.o
                                      0xc950b (size before relaxing)
 .debug_str     0x00000000000d0a2b      0x252 Drivers/STM32WBxx_HAL_Driver/stm32wbxx_hal_gpio.o
                                      0xc8f1e (size before relaxing)
 .debug_str     0x00000000000d0c7d      0x5fb Drivers/STM32WBxx_HAL_Driver/stm32wbxx_hal_pwr.o
                                      0xc92b5 (size before relaxing)
 .debug_str     0x00000000000d1278      0x8d0 Drivers/STM32WBxx_HAL_Driver/stm32wbxx_hal_pwr_ex.o
                                      0xc97f3 (size before relaxing)
 .debug_str     0x00000000000d1b48      0xb59 Drivers/STM32WBxx_HAL_Driver/stm32wbxx_hal_rcc.o
                                      0xc9c5e (size before relaxing)
 .debug_str     0x00000000000d26a1      0x5cf Drivers/STM32WBxx_HAL_Driver/stm32wbxx_hal_spi.o
                                      0xc9647 (size before relaxing)
 .debug_str     0x00000000000d2c70      0x106 FATFS/App/app_fatfs.o
                                      0xcd43f (size before relaxing)
 .debug_str     0x00000000000d2d76       0x9d FATFS/Target/sd_diskio.o
                                      0xcd45d (size before relaxing)
 .debug_str     0x00000000000d2e13       0x8e Middlewares/FatFs/diskio.o
                                      0xcd175 (size before relaxing)
 .debug_str     0x00000000000d2ea1      0xf44 Middlewares/FatFs/ff.o
                                      0xce1ee (size before relaxing)
 .debug_str     0x00000000000d3de5       0xd9 Middlewares/FatFs/ff_gen_drv.o
                                      0xcd1c6 (size before relaxing)

.debug_ranges   0x0000000000000000      0xfc8
 .debug_ranges  0x0000000000000000       0x28 Application/Startup/startup_stm32wb55rgvx.o
 .debug_ranges  0x0000000000000028       0x10 Application/User/sysmem.o
 .debug_ranges  0x0000000000000038       0x20 Core/Src/main.o
 .debug_ranges  0x0000000000000058       0x10 Core/Src/stm32wbxx_hal_msp.o
 .debug_ranges  0x0000000000000068       0x50 Core/Src/stm32wbxx_it.o
 .debug_ranges  0x00000000000000b8       0x18 Core/Src/system_stm32wbxx.o
 .debug_ranges  0x00000000000000d0       0x70 Drivers/BSP/Adafruit_Shield/stm32_adafruit_sd.o
 .debug_ranges  0x0000000000000140       0xc8 Drivers/BSP/P-NUCLEO-WB55.Nucleo/stm32wbxx_nucleo.o
 .debug_ranges  0x0000000000000208      0x270 Drivers/STM32WBxx_HAL_Driver/stm32wbxx_hal.o
 .debug_ranges  0x0000000000000478       0xf8 Drivers/STM32WBxx_HAL_Driver/stm32wbxx_hal_cortex.o
 .debug_ranges  0x0000000000000570       0x48 Drivers/STM32WBxx_HAL_Driver/stm32wbxx_hal_gpio.o
 .debug_ranges  0x00000000000005b8       0xc0 Drivers/STM32WBxx_HAL_Driver/stm32wbxx_hal_pwr.o
 .debug_ranges  0x0000000000000678      0x278 Drivers/STM32WBxx_HAL_Driver/stm32wbxx_hal_pwr_ex.o
 .debug_ranges  0x00000000000008f0      0x288 Drivers/STM32WBxx_HAL_Driver/stm32wbxx_hal_rcc.o
 .debug_ranges  0x0000000000000b78      0x1c8 Drivers/STM32WBxx_HAL_Driver/stm32wbxx_hal_spi.o
 .debug_ranges  0x0000000000000d40       0x28 FATFS/App/app_fatfs.o
 .debug_ranges  0x0000000000000d68       0x38 FATFS/Target/sd_diskio.o
 .debug_ranges  0x0000000000000da0       0x38 Middlewares/FatFs/diskio.o
 .debug_ranges  0x0000000000000dd8      0x1c0 Middlewares/FatFs/ff.o
 .debug_ranges  0x0000000000000f98       0x30 Middlewares/FatFs/ff_gen_drv.o

.debug_macro    0x0000000000000000    0x219fc
 .debug_macro   0x0000000000000000      0x1ae Application/User/sysmem.o
 .debug_macro   0x00000000000001ae      0x23b Application/User/sysmem.o
 .debug_macro   0x00000000000003e9       0x16 Application/User/sysmem.o
 .debug_macro   0x00000000000003ff      0x342 Core/Src/main.o
 .debug_macro   0x0000000000000741      0x12a Core/Src/main.o
 .debug_macro   0x000000000000086b       0x2e Core/Src/main.o
 .debug_macro   0x0000000000000899       0x2e Core/Src/main.o
 .debug_macro   0x00000000000008c7       0x8e Core/Src/main.o
 .debug_macro   0x0000000000000955       0x51 Core/Src/main.o
 .debug_macro   0x00000000000009a6       0xef Core/Src/main.o
 .debug_macro   0x0000000000000a95      0x1df Core/Src/main.o
 .debug_macro   0x0000000000000c74       0x1c Core/Src/main.o
 .debug_macro   0x0000000000000c90       0x22 Core/Src/main.o
 .debug_macro   0x0000000000000cb2       0xdf Core/Src/main.o
 .debug_macro   0x0000000000000d91     0x102d Core/Src/main.o
 .debug_macro   0x0000000000001dbe      0x11f Core/Src/main.o
 .debug_macro   0x0000000000001edd    0x12ad4 Core/Src/main.o
 .debug_macro   0x00000000000149b1       0x42 Core/Src/main.o
 .debug_macro   0x00000000000149f3     0x345a Core/Src/main.o
 .debug_macro   0x0000000000017e4d       0x5a Core/Src/main.o
 .debug_macro   0x0000000000017ea7      0x3f5 Core/Src/main.o
 .debug_macro   0x000000000001829c      0x286 Core/Src/main.o
 .debug_macro   0x0000000000018522      0x30d Core/Src/main.o
 .debug_macro   0x000000000001882f      0x17e Core/Src/main.o
 .debug_macro   0x00000000000189ad       0x43 Core/Src/main.o
 .debug_macro   0x00000000000189f0      0x236 Core/Src/main.o
 .debug_macro   0x0000000000018c26      0x23c Core/Src/main.o
 .debug_macro   0x0000000000018e62      0x582 Core/Src/main.o
 .debug_macro   0x00000000000193e4       0x1c Core/Src/main.o
 .debug_macro   0x0000000000019400      0x100 Core/Src/main.o
 .debug_macro   0x0000000000019500      0x137 Core/Src/main.o
 .debug_macro   0x0000000000019637      0x1fb Core/Src/main.o
 .debug_macro   0x0000000000019832      0x380 Core/Src/main.o
 .debug_macro   0x0000000000019bb2      0x13b Core/Src/main.o
 .debug_macro   0x0000000000019ced      0x140 Core/Src/main.o
 .debug_macro   0x0000000000019e2d      0x4d6 Core/Src/main.o
 .debug_macro   0x000000000001a303      0x87b Core/Src/main.o
 .debug_macro   0x000000000001ab7e      0x259 Core/Src/main.o
 .debug_macro   0x000000000001add7     0x1b28 Core/Src/main.o
 .debug_macro   0x000000000001c8ff       0xe4 Core/Src/main.o
 .debug_macro   0x000000000001c9e3      0x5e1 Core/Src/main.o
 .debug_macro   0x000000000001cfc4      0x2fe Core/Src/main.o
 .debug_macro   0x000000000001d2c2      0x545 Core/Src/main.o
 .debug_macro   0x000000000001d807      0x444 Core/Src/main.o
 .debug_macro   0x000000000001dc4b       0x33 Core/Src/main.o
 .debug_macro   0x000000000001dc7e      0x1ff Core/Src/main.o
 .debug_macro   0x000000000001de7d       0x1c Core/Src/main.o
 .debug_macro   0x000000000001de99       0xeb Core/Src/main.o
 .debug_macro   0x000000000001df84       0x46 Core/Src/main.o
 .debug_macro   0x000000000001dfca      0x32a Core/Src/main.o
 .debug_macro   0x000000000001e2f4       0x12 Core/Src/main.o
 .debug_macro   0x000000000001e306       0xe2 Core/Src/main.o
 .debug_macro   0x000000000001e3e8       0x8e Core/Src/main.o
 .debug_macro   0x000000000001e476      0x230 Core/Src/stm32wbxx_hal_msp.o
 .debug_macro   0x000000000001e6a6      0x23a Core/Src/stm32wbxx_it.o
 .debug_macro   0x000000000001e8e0      0x21c Core/Src/system_stm32wbxx.o
 .debug_macro   0x000000000001eafc      0x334 Drivers/BSP/Adafruit_Shield/stm32_adafruit_sd.o
 .debug_macro   0x000000000001ee30       0x2d Drivers/BSP/Adafruit_Shield/stm32_adafruit_sd.o
 .debug_macro   0x000000000001ee5d      0x10e Drivers/BSP/Adafruit_Shield/stm32_adafruit_sd.o
 .debug_macro   0x000000000001ef6b       0x8d Drivers/BSP/Adafruit_Shield/stm32_adafruit_sd.o
 .debug_macro   0x000000000001eff8       0x16 Drivers/BSP/Adafruit_Shield/stm32_adafruit_sd.o
 .debug_macro   0x000000000001f00e       0x20 Drivers/BSP/Adafruit_Shield/stm32_adafruit_sd.o
 .debug_macro   0x000000000001f02e      0x248 Drivers/BSP/P-NUCLEO-WB55.Nucleo/stm32wbxx_nucleo.o
 .debug_macro   0x000000000001f276      0x1f9 Drivers/BSP/P-NUCLEO-WB55.Nucleo/stm32wbxx_nucleo.o
 .debug_macro   0x000000000001f46f      0x233 Drivers/STM32WBxx_HAL_Driver/stm32wbxx_hal.o
 .debug_macro   0x000000000001f6a2      0x20f Drivers/STM32WBxx_HAL_Driver/stm32wbxx_hal_cortex.o
 .debug_macro   0x000000000001f8b1      0x247 Drivers/STM32WBxx_HAL_Driver/stm32wbxx_hal_gpio.o
 .debug_macro   0x000000000001faf8      0x281 Drivers/STM32WBxx_HAL_Driver/stm32wbxx_hal_pwr.o
 .debug_macro   0x000000000001fd79      0x221 Drivers/STM32WBxx_HAL_Driver/stm32wbxx_hal_pwr_ex.o
 .debug_macro   0x000000000001ff9a      0x29f Drivers/STM32WBxx_HAL_Driver/stm32wbxx_hal_rcc.o
 .debug_macro   0x0000000000020239      0x217 Drivers/STM32WBxx_HAL_Driver/stm32wbxx_hal_spi.o
 .debug_macro   0x0000000000020450      0x34e FATFS/App/app_fatfs.o
 .debug_macro   0x000000000002079e       0xe5 FATFS/App/app_fatfs.o
 .debug_macro   0x0000000000020883      0x34b FATFS/Target/sd_diskio.o
 .debug_macro   0x0000000000020bce       0x16 FATFS/Target/sd_diskio.o
 .debug_macro   0x0000000000020be4       0x7c FATFS/Target/sd_diskio.o
 .debug_macro   0x0000000000020c60      0x335 Middlewares/FatFs/diskio.o
 .debug_macro   0x0000000000020f95      0x732 Middlewares/FatFs/ff.o
 .debug_macro   0x00000000000216c7      0x335 Middlewares/FatFs/ff_gen_drv.o

.comment        0x0000000000000000       0x7b
 .comment       0x0000000000000000       0x7b Application/User/sysmem.o
                                         0x7c (size before relaxing)
 .comment       0x000000000000007b       0x7c Core/Src/main.o
 .comment       0x000000000000007b       0x7c Core/Src/stm32wbxx_hal_msp.o
 .comment       0x000000000000007b       0x7c Core/Src/stm32wbxx_it.o
 .comment       0x000000000000007b       0x7c Core/Src/system_stm32wbxx.o
 .comment       0x000000000000007b       0x7c Drivers/BSP/Adafruit_Shield/stm32_adafruit_sd.o
 .comment       0x000000000000007b       0x7c Drivers/BSP/P-NUCLEO-WB55.Nucleo/stm32wbxx_nucleo.o
 .comment       0x000000000000007b       0x7c Drivers/STM32WBxx_HAL_Driver/stm32wbxx_hal.o
 .comment       0x000000000000007b       0x7c Drivers/STM32WBxx_HAL_Driver/stm32wbxx_hal_cortex.o
 .comment       0x000000000000007b       0x7c Drivers/STM32WBxx_HAL_Driver/stm32wbxx_hal_gpio.o
 .comment       0x000000000000007b       0x7c Drivers/STM32WBxx_HAL_Driver/stm32wbxx_hal_pwr.o
 .comment       0x000000000000007b       0x7c Drivers/STM32WBxx_HAL_Driver/stm32wbxx_hal_pwr_ex.o
 .comment       0x000000000000007b       0x7c Drivers/STM32WBxx_HAL_Driver/stm32wbxx_hal_rcc.o
 .comment       0x000000000000007b       0x7c Drivers/STM32WBxx_HAL_Driver/stm32wbxx_hal_spi.o
 .comment       0x000000000000007b       0x7c FATFS/App/app_fatfs.o
 .comment       0x000000000000007b       0x7c FATFS/Target/sd_diskio.o
 .comment       0x000000000000007b       0x7c Middlewares/FatFs/diskio.o
 .comment       0x000000000000007b       0x7c Middlewares/FatFs/ff.o
 .comment       0x000000000000007b       0x7c Middlewares/FatFs/ff_gen_drv.o

.debug_frame    0x0000000000000000     0x45d0
 .debug_frame   0x0000000000000000       0x34 Application/User/sysmem.o
 .debug_frame   0x0000000000000034       0x74 Core/Src/main.o
 .debug_frame   0x00000000000000a8       0x30 Core/Src/stm32wbxx_hal_msp.o
 .debug_frame   0x00000000000000d8      0x10c Core/Src/stm32wbxx_it.o
 .debug_frame   0x00000000000001e4       0x58 Core/Src/system_stm32wbxx.o
 .debug_frame   0x000000000000023c      0x1f4 Drivers/BSP/Adafruit_Shield/stm32_adafruit_sd.o
 .debug_frame   0x0000000000000430      0x364 Drivers/BSP/P-NUCLEO-WB55.Nucleo/stm32wbxx_nucleo.o
 .debug_frame   0x0000000000000794      0xa34 Drivers/STM32WBxx_HAL_Driver/stm32wbxx_hal.o
 .debug_frame   0x00000000000011c8      0x44c Drivers/STM32WBxx_HAL_Driver/stm32wbxx_hal_cortex.o
 .debug_frame   0x0000000000001614      0x14c Drivers/STM32WBxx_HAL_Driver/stm32wbxx_hal_gpio.o
 .debug_frame   0x0000000000001760      0x344 Drivers/STM32WBxx_HAL_Driver/stm32wbxx_hal_pwr.o
 .debug_frame   0x0000000000001aa4      0xb00 Drivers/STM32WBxx_HAL_Driver/stm32wbxx_hal_pwr_ex.o
 .debug_frame   0x00000000000025a4      0xaa8 Drivers/STM32WBxx_HAL_Driver/stm32wbxx_hal_rcc.o
 .debug_frame   0x000000000000304c      0x860 Drivers/STM32WBxx_HAL_Driver/stm32wbxx_hal_spi.o
 .debug_frame   0x00000000000038ac       0x9c FATFS/App/app_fatfs.o
 .debug_frame   0x0000000000003948       0xe8 FATFS/Target/sd_diskio.o
 .debug_frame   0x0000000000003a30       0xec Middlewares/FatFs/diskio.o
 .debug_frame   0x0000000000003b1c      0x834 Middlewares/FatFs/ff.o
 .debug_frame   0x0000000000004350       0xc8 Middlewares/FatFs/ff_gen_drv.o
 .debug_frame   0x0000000000004418       0x20 c:/st/stm32cubeide_1.1.0/stm32cubeide/plugins/com.st.stm32cube.ide.mcu.externaltools.gnu-tools-for-stm32.7-2018-q2-update.win32_1.0.0.201904181610/tools/bin/../lib/gcc/arm-none-eabi/7.3.1/../../../../arm-none-eabi/lib/thumb/v7e-m/fpv4-sp/hard\libc_nano.a(lib_a-errno.o)
 .debug_frame   0x0000000000004438       0x2c c:/st/stm32cubeide_1.1.0/stm32cubeide/plugins/com.st.stm32cube.ide.mcu.externaltools.gnu-tools-for-stm32.7-2018-q2-update.win32_1.0.0.201904181610/tools/bin/../lib/gcc/arm-none-eabi/7.3.1/../../../../arm-none-eabi/lib/thumb/v7e-m/fpv4-sp/hard\libc_nano.a(lib_a-init.o)
 .debug_frame   0x0000000000004464       0x30 c:/st/stm32cubeide_1.1.0/stm32cubeide/plugins/com.st.stm32cube.ide.mcu.externaltools.gnu-tools-for-stm32.7-2018-q2-update.win32_1.0.0.201904181610/tools/bin/../lib/gcc/arm-none-eabi/7.3.1/../../../../arm-none-eabi/lib/thumb/v7e-m/fpv4-sp/hard\libc_nano.a(lib_a-malloc.o)
 .debug_frame   0x0000000000004494       0x20 c:/st/stm32cubeide_1.1.0/stm32cubeide/plugins/com.st.stm32cube.ide.mcu.externaltools.gnu-tools-for-stm32.7-2018-q2-update.win32_1.0.0.201904181610/tools/bin/../lib/gcc/arm-none-eabi/7.3.1/../../../../arm-none-eabi/lib/thumb/v7e-m/fpv4-sp/hard\libc_nano.a(lib_a-memset.o)
 .debug_frame   0x00000000000044b4       0x38 c:/st/stm32cubeide_1.1.0/stm32cubeide/plugins/com.st.stm32cube.ide.mcu.externaltools.gnu-tools-for-stm32.7-2018-q2-update.win32_1.0.0.201904181610/tools/bin/../lib/gcc/arm-none-eabi/7.3.1/../../../../arm-none-eabi/lib/thumb/v7e-m/fpv4-sp/hard\libc_nano.a(lib_a-nano-freer.o)
 .debug_frame   0x00000000000044ec       0x2c c:/st/stm32cubeide_1.1.0/stm32cubeide/plugins/com.st.stm32cube.ide.mcu.externaltools.gnu-tools-for-stm32.7-2018-q2-update.win32_1.0.0.201904181610/tools/bin/../lib/gcc/arm-none-eabi/7.3.1/../../../../arm-none-eabi/lib/thumb/v7e-m/fpv4-sp/hard\libc_nano.a(lib_a-nano-mallocr.o)
 .debug_frame   0x0000000000004518       0x2c c:/st/stm32cubeide_1.1.0/stm32cubeide/plugins/com.st.stm32cube.ide.mcu.externaltools.gnu-tools-for-stm32.7-2018-q2-update.win32_1.0.0.201904181610/tools/bin/../lib/gcc/arm-none-eabi/7.3.1/../../../../arm-none-eabi/lib/thumb/v7e-m/fpv4-sp/hard\libc_nano.a(lib_a-sbrkr.o)
 .debug_frame   0x0000000000004544       0x30 c:/st/stm32cubeide_1.1.0/stm32cubeide/plugins/com.st.stm32cube.ide.mcu.externaltools.gnu-tools-for-stm32.7-2018-q2-update.win32_1.0.0.201904181610/tools/bin/../lib/gcc/arm-none-eabi/7.3.1/../../../../arm-none-eabi/lib/thumb/v7e-m/fpv4-sp/hard\libc_nano.a(lib_a-mlock.o)
 .debug_frame   0x0000000000004574       0x5c c:/st/stm32cubeide_1.1.0/stm32cubeide/plugins/com.st.stm32cube.ide.mcu.externaltools.gnu-tools-for-stm32.7-2018-q2-update.win32_1.0.0.201904181610/tools/bin/../lib/gcc/arm-none-eabi/7.3.1/../../../../arm-none-eabi/lib/thumb/v7e-m/fpv4-sp/hard\libc_nano.a(lib_a-reent.o)
